Component: ARM Compiler 5.06 update 7 (build 960) Tool: armlink [4d3601]

==============================================================================

Section Cross References

    startup_stm32f103xb.o(RESET) refers to startup_stm32f103xb.o(STACK) for __initial_sp
    startup_stm32f103xb.o(RESET) refers to startup_stm32f103xb.o(.text) for Reset_Handler
    startup_stm32f103xb.o(RESET) refers to stm32f1xx_it.o(i.NMI_Handler) for NMI_Handler
    startup_stm32f103xb.o(RESET) refers to stm32f1xx_it.o(i.HardFault_Handler) for HardFault_Handler
    startup_stm32f103xb.o(RESET) refers to stm32f1xx_it.o(i.MemManage_Handler) for MemManage_Handler
    startup_stm32f103xb.o(RESET) refers to stm32f1xx_it.o(i.BusFault_Handler) for BusFault_Handler
    startup_stm32f103xb.o(RESET) refers to stm32f1xx_it.o(i.UsageFault_Handler) for UsageFault_Handler
    startup_stm32f103xb.o(RESET) refers to port.o(.emb_text) for SVC_Handler
    startup_stm32f103xb.o(RESET) refers to stm32f1xx_it.o(i.DebugMon_Handler) for DebugMon_Handler
    startup_stm32f103xb.o(RESET) refers to stm32f1xx_it.o(i.SysTick_Handler) for SysTick_Handler
    startup_stm32f103xb.o(RESET) refers to stm32f1xx_it.o(i.USART2_IRQHandler) for USART2_IRQHandler
    startup_stm32f103xb.o(.text) refers to system_stm32f1xx.o(i.SystemInit) for SystemInit
    startup_stm32f103xb.o(.text) refers to entry.o(.ARM.Collect$$$$00000000) for __main
    main.o(i.SystemClock_Config) refers to memseta.o(.text) for __aeabi_memclr4
    main.o(i.SystemClock_Config) refers to stm32f1xx_hal_rcc.o(i.HAL_RCC_OscConfig) for HAL_RCC_OscConfig
    main.o(i.SystemClock_Config) refers to main.o(i.Error_Handler) for Error_Handler
    main.o(i.SystemClock_Config) refers to stm32f1xx_hal_rcc.o(i.HAL_RCC_ClockConfig) for HAL_RCC_ClockConfig
    main.o(i.main) refers to stm32f1xx_hal.o(i.HAL_Init) for HAL_Init
    main.o(i.main) refers to main.o(i.SystemClock_Config) for SystemClock_Config
    main.o(i.main) refers to gpio.o(i.MX_GPIO_Init) for MX_GPIO_Init
    main.o(i.main) refers to usart.o(i.MX_USART1_UART_Init) for MX_USART1_UART_Init
    main.o(i.main) refers to spi.o(i.MX_SPI2_Init) for MX_SPI2_Init
    main.o(i.main) refers to usart.o(i.MX_USART2_UART_Init) for MX_USART2_UART_Init
    main.o(i.main) refers to app_task.o(i.App_Task_Start) for App_Task_Start
    gpio.o(i.MX_GPIO_Init) refers to stm32f1xx_hal_gpio.o(i.HAL_GPIO_WritePin) for HAL_GPIO_WritePin
    gpio.o(i.MX_GPIO_Init) refers to stm32f1xx_hal_gpio.o(i.HAL_GPIO_Init) for HAL_GPIO_Init
    spi.o(i.HAL_SPI_MspDeInit) refers to stm32f1xx_hal_gpio.o(i.HAL_GPIO_DeInit) for HAL_GPIO_DeInit
    spi.o(i.HAL_SPI_MspInit) refers to stm32f1xx_hal_gpio.o(i.HAL_GPIO_Init) for HAL_GPIO_Init
    spi.o(i.MX_SPI2_Init) refers to stm32f1xx_hal_spi.o(i.HAL_SPI_Init) for HAL_SPI_Init
    spi.o(i.MX_SPI2_Init) refers to main.o(i.Error_Handler) for Error_Handler
    spi.o(i.MX_SPI2_Init) refers to spi.o(.bss) for hspi2
    usart.o(i.HAL_UART_MspDeInit) refers to stm32f1xx_hal_gpio.o(i.HAL_GPIO_DeInit) for HAL_GPIO_DeInit
    usart.o(i.HAL_UART_MspDeInit) refers to stm32f1xx_hal_cortex.o(i.HAL_NVIC_DisableIRQ) for HAL_NVIC_DisableIRQ
    usart.o(i.HAL_UART_MspInit) refers to stm32f1xx_hal_gpio.o(i.HAL_GPIO_Init) for HAL_GPIO_Init
    usart.o(i.HAL_UART_MspInit) refers to stm32f1xx_hal_cortex.o(i.HAL_NVIC_SetPriority) for HAL_NVIC_SetPriority
    usart.o(i.HAL_UART_MspInit) refers to stm32f1xx_hal_cortex.o(i.HAL_NVIC_EnableIRQ) for HAL_NVIC_EnableIRQ
    usart.o(i.MX_USART1_UART_Init) refers to stm32f1xx_hal_uart.o(i.HAL_UART_Init) for HAL_UART_Init
    usart.o(i.MX_USART1_UART_Init) refers to main.o(i.Error_Handler) for Error_Handler
    usart.o(i.MX_USART1_UART_Init) refers to usart.o(.bss) for huart1
    usart.o(i.MX_USART2_UART_Init) refers to stm32f1xx_hal_uart.o(i.HAL_UART_Init) for HAL_UART_Init
    usart.o(i.MX_USART2_UART_Init) refers to main.o(i.Error_Handler) for Error_Handler
    usart.o(i.MX_USART2_UART_Init) refers to usart.o(.bss) for huart2
    stm32f1xx_it.o(i.SysTick_Handler) refers to stm32f1xx_hal.o(i.HAL_IncTick) for HAL_IncTick
    stm32f1xx_it.o(i.SysTick_Handler) refers to tasks.o(i.xTaskGetSchedulerState) for xTaskGetSchedulerState
    stm32f1xx_it.o(i.SysTick_Handler) refers to port.o(i.xPortSysTickHandler) for xPortSysTickHandler
    stm32f1xx_it.o(i.USART2_IRQHandler) refers to stm32f1xx_hal_uart.o(i.HAL_UART_IRQHandler) for HAL_UART_IRQHandler
    stm32f1xx_it.o(i.USART2_IRQHandler) refers to usart.o(.bss) for huart2
    stm32f1xx_hal_spi.o(i.HAL_SPI_Abort) refers to stm32f1xx_hal_dma.o(i.HAL_DMA_Abort) for HAL_DMA_Abort
    stm32f1xx_hal_spi.o(i.HAL_SPI_Abort) refers to system_stm32f1xx.o(.data) for SystemCoreClock
    stm32f1xx_hal_spi.o(i.HAL_SPI_Abort) refers to stm32f1xx_hal_spi.o(i.SPI_AbortTx_ISR) for SPI_AbortTx_ISR
    stm32f1xx_hal_spi.o(i.HAL_SPI_Abort) refers to stm32f1xx_hal_spi.o(i.SPI_AbortRx_ISR) for SPI_AbortRx_ISR
[...]
    i.xTaskCreate                            0x08009524   Section        0  tasks.o(i.xTaskCreate)
    i.xTaskDelayUntil                        0x0800958c   Section        0  tasks.o(i.xTaskDelayUntil)
    i.xTaskGetSchedulerState                 0x08009600   Section        0  tasks.o(i.xTaskGetSchedulerState)
    i.xTaskGetTickCount                      0x08009620   Section        0  tasks.o(i.xTaskGetTickCount)
    i.xTaskIncrementTick                     0x0800962c   Section        0  tasks.o(i.xTaskIncrementTick)
    i.xTaskResumeAll                         0x080097bc   Section        0  tasks.o(i.xTaskResumeAll)
    .constdata                               0x08009918   Section       18  stm32f1xx_hal_rcc.o(.constdata)
    aPLLMULFactorTable                       0x08009918   Data          16  stm32f1xx_hal_rcc.o(.constdata)
    aPredivFactorTable                       0x08009928   Data           2  stm32f1xx_hal_rcc.o(.constdata)
    .constdata                               0x0800992a   Section       24  system_stm32f1xx.o(.constdata)
    .constdata                               0x08009944   Section       88  int_w5500.o(.constdata)
    .constdata                               0x0800999c   Section       88  mqttclient.o(.constdata)
    .constdata                               0x080099f4   Section      512  mbcrc.o(.constdata)
    aucCRCHi                                 0x080099f4   Data         256  mbcrc.o(.constdata)
    aucCRCLo                                 0x08009af4   Data         256  mbcrc.o(.constdata)
    .constdata                               0x08009bf4   Section       64  ctype_c.o(.constdata)
    .data                                    0x20000000   Section        9  stm32f1xx_hal.o(.data)
    .data                                    0x2000000c   Section        4  system_stm32f1xx.o(.data)
    .data                                    0x20000010   Section       14  app_task.o(.data)
    .data                                    0x20000020   Section       20  cjson.o(.data)
    global_error                             0x20000020   Data           8  cjson.o(.data)
    global_hooks                             0x20000028   Data          12  cjson.o(.data)
    .data                                    0x20000034   Section       22  int_w5500.o(.data)
    .data                                    0x2000004a   Section       14  socket.o(.data)
    sock_any_port                            0x2000004a   Data           2  socket.o(.data)
    sock_io_mode                             0x2000004c   Data           2  socket.o(.data)
    sock_is_sending                          0x2000004e   Data           2  socket.o(.data)
    .data                                    0x20000058   Section       49  wizchip_conf.o(.data)
    _DNS_                                    0x20000084   Data           4  wizchip_conf.o(.data)
    _DHCP_                                   0x20000088   Data           1  wizchip_conf.o(.data)
    .data                                    0x2000008c   Section        4  mqtt_interface.o(.data)
    .data                                    0x20000090   Section        4  mqttpacket.o(.data)
    bufptr                                   0x20000090   Data           4  mqttpacket.o(.data)
    .data                                    0x20000094   Section       28  heap_4.o(.data)
    xStart                                   0x20000094   Data           8  heap_4.o(.data)
    pxEnd                                    0x2000009c   Data           4  heap_4.o(.data)
    xFreeBytesRemaining                      0x200000a0   Data           4  heap_4.o(.data)
    xMinimumEverFreeBytesRemaining           0x200000a4   Data           4  heap_4.o(.data)
    xNumberOfSuccessfulAllocations           0x200000a8   Data           4  heap_4.o(.data)
    xNumberOfSuccessfulFrees                 0x200000ac   Data           4  heap_4.o(.data)
    .data                                    0x200000b0   Section        4  port.o(.data)
    uxCriticalNesting                        0x200000b0   Data           4  port.o(.data)
    .data                                    0x200000b4   Section       64  tasks.o(.data)
    pxDelayedTaskList                        0x200000b8   Data           4  tasks.o(.data)
    pxOverflowDelayedTaskList                0x200000bc   Data           4  tasks.o(.data)
    uxDeletedTasksWaitingCleanUp             0x200000c0   Data           4  tasks.o(.data)
    uxCurrentNumberOfTasks                   0x200000c4   Data           4  tasks.o(.data)
    xTickCount                               0x200000c8   Data           4  tasks.o(.data)
    uxTopReadyPriority                       0x200000cc   Data           4  tasks.o(.data)
    xSchedulerRunning                        0x200000d0   Data           4  tasks.o(.data)
    xPendedTicks                             0x200000d4   Data           4  tasks.o(.data)
    xYieldPending                            0x200000d8   Data           4  tasks.o(.data)
    xNumOfOverflows                          0x200000dc   Data           4  tasks.o(.data)
    uxTaskNumber                             0x200000e0   Data           4  tasks.o(.data)
    xNextTaskUnblockTime                     0x200000e4   Data           4  tasks.o(.data)
    xIdleTaskHandle                          0x200000e8   Data           4  tasks.o(.data)
    uxSchedulerSuspended                     0x200000f0   Data           4  tasks.o(.data)
    .data                                    0x200000f4   Section        4  stdout.o(.data)
    .data                                    0x200000f8   Section        4  mvars.o(.data)
    .data                                    0x200000fc   Section        4  mvars.o(.data)
    .bss                                     0x20000100   Section       88  spi.o(.bss)
    .bss                                     0x20000158   Section      144  usart.o(.bss)
    .bss                                     0x200001e8   Section      256  app_task.o(.bss)
    .bss                                     0x200002e8   Section     2156  int_w5500.o(.bss)
    .bss                                     0x20000b54   Section       16  socket.o(.bss)
    sock_remained_size                       0x20000b54   Data          16  socket.o(.bss)
    .bss                                     0x20000b64   Section    12288  heap_4.o(.bss)
    ucHeap                                   0x20000b64   Data       12288  heap_4.o(.bss)
    .bss                                     0x20003b64   Section      740  tasks.o(.bss)
    pxReadyTasksLists                        0x20003b64   Data         640  tasks.o(.bss)
    xDelayedTaskList1                        0x20003de4   Data          20  tasks.o(.bss)
    xDelayedTaskList2                        0x20003df8   Data          20  tasks.o(.bss)
    xPendingReadyList                        0x20003e0c   Data          20  tasks.o(.bss)
    xTasksWaitingTermination                 0x20003e20   Data          20  tasks.o(.bss)
    xSuspendedTaskList                       0x20003e34   Data          20  tasks.o(.bss)
    HEAP                                     0x20003e48   Section     1536  startup_stm32f103xb.o(HEAP)
    STACK                                    0x20004448   Section     1024  startup_stm32f103xb.o(STACK)

    Global Symbols

    Symbol Name                              Value     Ov Type        Size  Object(Section)

    BuildAttributes$$THM_ISAv4$P$D$K$B$S$PE$A:L22UL41UL21$X:L11$S22US41US21$IEEE1$IW$USESV6$~STKCKD$USESV7$~SHL$OTIME$ROPI$IEEEJ$EBA8$MICROLIB$REQ8$PRES8$EABIv2 0x00000000   Number         0  anon$$obj.o ABSOLUTE
    __ARM_use_no_argv                        0x00000000   Number         0  main.o ABSOLUTE
    _printf_a                                0x00000000   Number         0  stubs.o ABSOLUTE
    _printf_c                                0x00000000   Number         0  stubs.o ABSOLUTE
    _printf_charcount                        0x00000000   Number         0  stubs.o ABSOLUTE
    _printf_d                                0x00000000   Number         0  stubs.o ABSOLUTE
    _printf_e                                0x00000000   Number         0  stubs.o ABSOLUTE
    _printf_f                                0x00000000   Number         0  stubs.o ABSOLUTE
    _printf_flags                            0x00000000   Number         0  stubs.o ABSOLUTE
    _printf_fp_dec                           0x00000000   Number         0  stubs.o ABSOLUTE
    _printf_fp_hex                           0x00000000   Number         0  stubs.o ABSOLUTE
    _printf_g                                0x00000000   Number         0  stubs.o ABSOLUTE
    _printf_i                                0x00000000   Number         0  stubs.o ABSOLUTE
    _printf_int_dec                          0x00000000   Number         0  stubs.o ABSOLUTE
    _printf_l                                0x00000000   Number         0  stubs.o ABSOLUTE
    _printf_lc                               0x00000000   Number         0  stubs.o ABSOLUTE
    _printf_ll                               0x00000000   Number         0  stubs.o ABSOLUTE
    _printf_lld                              0x00000000   Number         0  stubs.o ABSOLUTE
    _printf_lli                              0x00000000   Number         0  stubs.o ABSOLUTE
    _printf_llo                              0x00000000   Number         0  stubs.o ABSOLUTE
    _printf_llu                              0x00000000   Number         0  stubs.o ABSOLUTE
    _printf_llx                              0x00000000   Number         0  stubs.o ABSOLUTE
    _printf_longlong_dec                     0x00000000   Number         0  stubs.o ABSOLUTE
    _printf_longlong_hex                     0x00000000   Number         0  stubs.o ABSOLUTE
    _printf_longlong_oct                     0x00000000   Number         0  stubs.o ABSOLUTE
    _printf_ls                               0x00000000   Number         0  stubs.o ABSOLUTE
    _printf_mbtowc                           0x00000000   Number         0  stubs.o ABSOLUTE
    _printf_n                                0x00000000   Number         0  stubs.o ABSOLUTE
    _printf_o                                0x00000000   Number         0  stubs.o ABSOLUTE
    _printf_p                                0x00000000   Number         0  stubs.o ABSOLUTE
    _printf_percent                          0x00000000   Number         0  stubs.o ABSOLUTE
    _printf_pre_padding                      0x00000000   Number         0  stubs.o ABSOLUTE
    _printf_return_value                     0x00000000   Number         0  stubs.o ABSOLUTE
    _printf_s                                0x00000000   Number         0  stubs.o ABSOLUTE
    _printf_sizespec                         0x00000000   Number         0  stubs.o ABSOLUTE
    _printf_str                              0x00000000   Number         0  stubs.o ABSOLUTE
    _printf_truncate_signed                  0x00000000   Number         0  stubs.o ABSOLUTE
    _printf_truncate_unsigned                0x00000000   Number         0  stubs.o ABSOLUTE
    _printf_u                                0x00000000   Number         0  stubs.o ABSOLUTE
    _printf_wc                               0x00000000   Number         0  stubs.o ABSOLUTE
    _printf_wctomb                           0x00000000   Number         0  stubs.o ABSOLUTE
    _printf_widthprec                        0x00000000   Number         0  stubs.o ABSOLUTE
    _printf_x                                0x00000000   Number         0  stubs.o ABSOLUTE
    __arm_fini_                               - Undefined Weak Reference
    __cpp_initialize__aeabi_                  - Undefined Weak Reference
    __cxa_finalize                            - Undefined Weak Reference
    __decompress                              - Undefined Weak Reference
    _clock_init                               - Undefined Weak Reference
    _microlib_exit                            - Undefined Weak Reference
    _scanf_longlong                           - Undefined Weak Reference
    _scanf_string                             - Undefined Weak Reference
    __Vectors_Size                           0x000000ec   Number         0  startup_stm32f103xb.o ABSOLUTE
    __Vectors                                0x08000000   Data           4  startup_stm32f103xb.o(RESET)
    __Vectors_End                            0x080000ec   Data           0  startup_stm32f103xb.o(RESET)
    __main                                   0x080000ed   Thumb Code     0  entry.o(.ARM.Collect$$$$00000000)
    _main_stk                                0x080000ed   Thumb Code     0  entry2.o(.ARM.Collect$$$$00000001)
    _main_scatterload                        0x080000f1   Thumb Code     0  entry5.o(.ARM.Collect$$$$00000004)
    __main_after_scatterload                 0x080000f5   Thumb Code     0  entry5.o(.ARM.Collect$$$$00000004)
    _main_clock                              0x080000f5   Thumb Code     0  entry7b.o(.ARM.Collect$$$$00000008)
    _main_cpp_init                           0x080000f5   Thumb Code     0  entry8b.o(.ARM.Collect$$$$0000000A)
    _main_init                               0x080000f5   Thumb Code     0  entry9a.o(.ARM.Collect$$$$0000000B)
    __rt_lib_shutdown_fini                   0x080000fd   Thumb Code     0  entry12b.o(.ARM.Collect$$$$0000000E)
    __rt_final_cpp                           0x08000101   Thumb Code     0  entry10a.o(.ARM.Collect$$$$0000000F)
    __rt_final_exit                          0x08000101   Thumb Code     0  entry11a.o(.ARM.Collect$$$$00000011)
    SVC_Handler                              0x08000105   Thumb Code    32  port.o(.emb_text)
    __asm___6_port_c_39a90d8d__prvStartFirstTask 0x08000129   Thumb Code    28  port.o(.emb_text)
    PendSV_Handler                           0x08000149   Thumb Code    72  port.o(.emb_text)
    vPortGetIPSR                             0x08000195   Thumb Code     6  port.o(.emb_text)
    Reset_Handler                            0x0800019d   Thumb Code     8  startup_stm32f103xb.o(.text)
    ADC1_2_IRQHandler                        0x080001b7   Thumb Code     0  startup_stm32f103xb.o(.text)
    CAN1_RX1_IRQHandler                      0x080001b7   Thumb Code     0  startup_stm32f103xb.o(.text)
    CAN1_SCE_IRQHandler                      0x080001b7   Thumb Code     0  startup_stm32f103xb.o(.text)
    DMA1_Channel1_IRQHandler                 0x080001b7   Thumb Code     0  startup_stm32f103xb.o(.text)
    DMA1_Channel2_IRQHandler                 0x080001b7   Thumb Code     0  startup_stm32f103xb.o(.text)
    DMA1_Channel3_IRQHandler                 0x080001b7   Thumb Code     0  startup_stm32f103xb.o(.text)
    DMA1_Channel4_IRQHandler                 0x080001b7   Thumb Code     0  startup_stm32f103xb.o(.text)
    DMA1_Channel5_IRQHandler                 0x080001b7   Thumb Code     0  startup_stm32f103xb.o(.text)
    DMA1_Channel6_IRQHandler                 0x080001b7   Thumb Code     0  startup_stm32f103xb.o(.text)
    DMA1_Channel7_IRQHandler                 0x080001b7   Thumb Code     0  startup_stm32f103xb.o(.text)
    EXTI0_IRQHandler                         0x080001b7   Thumb Code     0  startup_stm32f103xb.o(.text)
    EXTI15_10_IRQHandler                     0x080001b7   Thumb Code     0  startup_stm32f103xb.o(.text)
    EXTI1_IRQHandler                         0x080001b7   Thumb Code     0  startup_stm32f103xb.o(.text)
    EXTI2_IRQHandler                         0x080001b7   Thumb Code     0  startup_stm32f103xb.o(.text)
    EXTI3_IRQHandler                         0x080001b7   Thumb Code     0  startup_stm32f103xb.o(.text)
    EXTI4_IRQHandler                         0x080001b7   Thumb Code     0  startup_stm32f103xb.o(.text)
    EXTI9_5_IRQHandler                       0x080001b7   Thumb Code     0  startup_stm32f103xb.o(.text)
    FLASH_IRQHandler                         0x080001b7   Thumb Code     0  startup_stm32f103xb.o(.text)
    I2C1_ER_IRQHandler                       0x080001b7   Thumb Code     0  startup_stm32f103xb.o(.text)
    I2C1_EV_IRQHandler                       0x080001b7   Thumb Code     0  startup_stm32f103xb.o(.text)
    I2C2_ER_IRQHandler                       0x080001b7   Thumb Code     0  startup_stm32f103xb.o(.text)
    I2C2_EV_IRQHandler                       0x080001b7   Thumb Code     0  startup_stm32f103xb.o(.text)
    PVD_IRQHandler                           0x080001b7   Thumb Code     0  startup_stm32f103xb.o(.text)
    RCC_IRQHandler                           0x080001b7   Thumb Code     0  startup_stm32f103xb.o(.text)
    RTC_Alarm_IRQHandler                     0x080001b7   Thumb Code     0  startup_stm32f103xb.o(.text)
    RTC_IRQHandler                           0x080001b7   Thumb Code     0  startup_stm32f103xb.o(.text)
    SPI1_IRQHandler                          0x080001b7   Thumb Code     0  startup_stm32f103xb.o(.text)
    SPI2_IRQHandler                          0x080001b7   Thumb Code     0  startup_stm32f103xb.o(.text)
    TAMPER_IRQHandler                        0x080001b7   Thumb Code     0  startup_stm32f103xb.o(.text)
    TIM1_BRK_IRQHandler                      0x080001b7   Thumb Code     0  startup_stm32f103xb.o(.text)
    TIM1_CC_IRQHandler                       0x080001b7   Thumb Code     0  startup_stm32f103xb.o(.text)
    TIM1_TRG_COM_IRQHandler                  0x080001b7   Thumb Code     0  startup_stm32f103xb.o(.text)
    TIM1_UP_IRQHandler                       0x080001b7   Thumb Code     0  startup_stm32f103xb.o(.text)
    TIM2_IRQHandler                          0x080001b7   Thumb Code     0  startup_stm32f103xb.o(.text)
    TIM3_IRQHandler                          0x080001b7   Thumb Code     0  startup_stm32f103xb.o(.text)
    TIM4_IRQHandler                          0x080001b7   Thumb Code     0  startup_stm32f103xb.o(.text)
    USART1_IRQHandler                        0x080001b7   Thumb Code     0  startup_stm32f103xb.o(.text)
    USART3_IRQHandler                        0x080001b7   Thumb Code     0  startup_stm32f103xb.o(.text)
    USBWakeUp_IRQHandler                     0x080001b7   Thumb Code     0  startup_stm32f103xb.o(.text)
    USB_HP_CAN1_TX_IRQHandler                0x080001b7   Thumb Code     0  startup_stm32f103xb.o(.text)
    USB_LP_CAN1_RX0_IRQHandler               0x080001b7   Thumb Code     0  startup_stm32f103xb.o(.text)
    WWDG_IRQHandler                          0x080001b7   Thumb Code     0  startup_stm32f103xb.o(.text)
    __aeabi_llsr                             0x080001c1   Thumb Code    32  llushr.o(.text)
    _ll_ushift_r                             0x080001c1   Thumb Code     0  llushr.o(.text)
    tolower                                  0x080001e1   Thumb Code    12  tolower.o(.text)
    __aeabi_memcpy                           0x080001ed   Thumb Code    36  memcpya.o(.text)
    __aeabi_memcpy4                          0x080001ed   Thumb Code     0  memcpya.o(.text)
    __aeabi_memcpy8                          0x080001ed   Thumb Code     0  memcpya.o(.text)
    __aeabi_memset                           0x08000211   Thumb Code    14  memseta.o(.text)
    __aeabi_memset4                          0x08000211   Thumb Code     0  memseta.o(.text)
    __aeabi_memset8                          0x08000211   Thumb Code     0  memseta.o(.text)
    __aeabi_memclr                           0x0800021f   Thumb Code     4  memseta.o(.text)
    __aeabi_memclr4                          0x0800021f   Thumb Code     0  memseta.o(.text)
    __aeabi_memclr8                          0x0800021f   Thumb Code     0  memseta.o(.text)
    _memset$wrapper                          0x08000223   Thumb Code    18  memseta.o(.text)
    strlen                                   0x08000235   Thumb Code    14  strlen.o(.text)
    strcmp                                   0x08000243   Thumb Code    28  strcmp.o(.text)
    strcpy                                   0x0800025f   Thumb Code    18  strcpy.o(.text)
    strncmp                                  0x08000271   Thumb Code    30  strncmp.o(.text)
    strrchr                                  0x0800028f   Thumb Code    22  strrchr.o(.text)
    __0sscanf                                0x080002a5   Thumb Code    48  __0sscanf.o(.text)
    _scanf_real                              0x08000405   Thumb Code     0  scanf_fp.o(.text)
    _scanf_really_real                       0x08000405   Thumb Code   556  scanf_fp.o(.text)
    __aeabi_dadd                             0x0800063d   Thumb Code   322  dadd.o(.text)
    __aeabi_dsub                             0x0800077f   Thumb Code     6  dadd.o(.text)
    __aeabi_drsub                            0x08000785   Thumb Code     6  dadd.o(.text)
    __aeabi_dmul                             0x0800078b   Thumb Code   228  dmul.o(.text)
    __aeabi_i2d                              0x0800086f   Thumb Code    34  dflti.o(.text)
    __aeabi_ui2d                             0x08000891   Thumb Code    26  dfltui.o(.text)
    __aeabi_d2iz                             0x080008ab   Thumb Code    62  dfixi.o(.text)
    __aeabi_cdcmpeq                          0x080008e9   Thumb Code     0  cdcmple.o(.text)
    __aeabi_cdcmple                          0x080008e9   Thumb Code    48  cdcmple.o(.text)
    __aeabi_cdrcmple                         0x08000919   Thumb Code    48  cdrcmple.o(.text)
    __aeabi_uidiv                            0x08000949   Thumb Code     0  uidiv.o(.text)
    __aeabi_uidivmod                         0x08000949   Thumb Code    44  uidiv.o(.text)
    __aeabi_uldivmod                         0x08000975   Thumb Code    98  uldiv.o(.text)
    __aeabi_llsl                             0x080009d7   Thumb Code    30  llshl.o(.text)
    _ll_shift_l                              0x080009d7   Thumb Code     0  llshl.o(.text)
    __aeabi_lasr                             0x080009f5   Thumb Code    36  llsshr.o(.text)
    _ll_sshift_r                             0x080009f5   Thumb Code     0  llsshr.o(.text)
    __vfscanf_char                           0x08000a25   Thumb Code    20  scanf_char.o(.text)
    _sgetc                                   0x08000a41   Thumb Code    30  _sgetc.o(.text)
    _sbackspace                              0x08000a5f   Thumb Code    34  _sgetc.o(.text)
    __strtod_int                             0x08000ab7   Thumb Code    90  strtod.o(.text)
    __I$use$fp                               0x08000b1d   Thumb Code     0  iusefp.o(.text)
    _double_round                            0x08000b1d   Thumb Code    30  depilogue.o(.text)
    _double_epilogue                         0x08000b3b   Thumb Code   156  depilogue.o(.text)
    __aeabi_ddiv                             0x08000bd7   Thumb Code   222  ddiv.o(.text)
    __aeabi_ul2d                             0x08000cb5   Thumb Code    24  dfltul.o(.text)
    __aeabi_d2ulz                            0x08000ccd   Thumb Code    48  dfixul.o(.text)
    __aeabi_d2f                              0x08000cfd   Thumb Code    56  d2f.o(.text)
    __scatterload                            0x08000d35   Thumb Code    28  init.o(.text)
    __scatterload_rt2                        0x08000d35   Thumb Code     0  init.o(.text)
    isspace                                  0x08000d59   Thumb Code    10  isspace_c.o(.text)
    __vfscanf                                0x08000d65   Thumb Code   810  _scanf.o(.text)
    _float_round                             0x08001095   Thumb Code    18  fepilogue.o(.text)
    _float_epilogue                          0x080010a7   Thumb Code    92  fepilogue.o(.text)
    __ctype_lookup                           0x08001105   Thumb Code    34  ctype_c.o(.text)
    App_MQTT_Receive                         0x0800112d   Thumb Code     8  app_w5500.o(i.App_MQTT_Receive)
    App_Task_Start                           0x08001135   Thumb Code   356  app_task.o(i.App_Task_Start)
    App_W5500_Init                           0x08001321   Thumb Code     8  app_w5500.o(i.App_W5500_Init)
    BusFault_Handler                         0x08001329   Thumb Code     4  stm32f1xx_it.o(i.BusFault_Handler)
    Com_Delay_ms                             0x0800132d   Thumb Code    12  com_util.o(i.Com_Delay_ms)
    ConnectNetwork                           0x08001339   Thumb Code    60  mqtt_interface.o(i.ConnectNetwork)
    DebugMon_Handler                         0x08001375   Thumb Code     2  stm32f1xx_it.o(i.DebugMon_Handler)
    Error_Handler                            0x08001377   Thumb Code     6  main.o(i.Error_Handler)
    HAL_DMA_Abort                            0x0800137d   Thumb Code    86  stm32f1xx_hal_dma.o(i.HAL_DMA_Abort)
    HAL_DMA_Abort_IT                         0x080013d5   Thumb Code   172  stm32f1xx_hal_dma.o(i.HAL_DMA_Abort_IT)
    HAL_Delay                                0x08001485   Thumb Code    36  stm32f1xx_hal.o(i.HAL_Delay)
    HAL_GPIO_Init                            0x080014ad   Thumb Code   766  stm32f1xx_hal_gpio.o(i.HAL_GPIO_Init)
    HAL_GPIO_WritePin                        0x080017cd   Thumb Code    12  stm32f1xx_hal_gpio.o(i.HAL_GPIO_WritePin)
    HAL_GetTick                              0x080017d9   Thumb Code     6  stm32f1xx_hal.o(i.HAL_GetTick)
    HAL_IncTick                              0x080017e5   Thumb Code    16  stm32f1xx_hal.o(i.HAL_IncTick)
    HAL_Init                                 0x080017fd   Thumb Code    34  stm32f1xx_hal.o(i.HAL_Init)
    HAL_InitTick                             0x08001825   Thumb Code    64  stm32f1xx_hal.o(i.HAL_InitTick)
    HAL_MspInit                              0x08001871   Thumb Code    76  stm32f1xx_hal_msp.o(i.HAL_MspInit)
    HAL_NVIC_EnableIRQ                       0x080018c5   Thumb Code    32  stm32f1xx_hal_cortex.o(i.HAL_NVIC_EnableIRQ)
    HAL_NVIC_SetPriority                     0x080018e5   Thumb Code   124  stm32f1xx_hal_cortex.o(i.HAL_NVIC_SetPriority)
    HAL_NVIC_SetPriorityGrouping             0x08001961   Thumb Code    32  stm32f1xx_hal_cortex.o(i.HAL_NVIC_SetPriorityGrouping)
    HAL_RCC_ClockConfig                      0x08001989   Thumb Code   376  stm32f1xx_hal_rcc.o(i.HAL_RCC_ClockConfig)
    HAL_RCC_GetHCLKFreq                      0x08001b15   Thumb Code     6  stm32f1xx_hal_rcc.o(i.HAL_RCC_GetHCLKFreq)
    HAL_RCC_GetPCLK1Freq                     0x08001b21   Thumb Code    22  stm32f1xx_hal_rcc.o(i.HAL_RCC_GetPCLK1Freq)
    HAL_RCC_GetPCLK2Freq                     0x08001b41   Thumb Code    22  stm32f1xx_hal_rcc.o(i.HAL_RCC_GetPCLK2Freq)
    HAL_RCC_GetSysClockFreq                  0x08001b61   Thumb Code    92  stm32f1xx_hal_rcc.o(i.HAL_RCC_GetSysClockFreq)
    HAL_RCC_OscConfig                        0x08001bd1   Thumb Code  1114  stm32f1xx_hal_rcc.o(i.HAL_RCC_OscConfig)
    HAL_SPI_Init                             0x08002035   Thumb Code   190  stm32f1xx_hal_spi.o(i.HAL_SPI_Init)
    HAL_SPI_MspInit                          0x080020f5   Thumb Code   124  spi.o(i.HAL_SPI_MspInit)
    HAL_SPI_Receive                          0x0800217d   Thumb Code   386  stm32f1xx_hal_spi.o(i.HAL_SPI_Receive)
    HAL_SPI_Transmit                         0x080022ff   Thumb Code   446  stm32f1xx_hal_spi.o(i.HAL_SPI_Transmit)
    HAL_SPI_TransmitReceive                  0x080024bd   Thumb Code   584  stm32f1xx_hal_spi.o(i.HAL_SPI_TransmitReceive)
    HAL_SYSTICK_Config                       0x08002705   Thumb Code    52  stm32f1xx_hal_cortex.o(i.HAL_SYSTICK_Config)
    HAL_UARTEx_ReceiveToIdle_IT              0x08002739   Thumb Code   114  stm32f1xx_hal_uart.o(i.HAL_UARTEx_ReceiveToIdle_IT)
    HAL_UARTEx_RxEventCallback               0x080027ad   Thumb Code   148  app_task.o(i.HAL_UARTEx_RxEventCallback)
    HAL_UART_ErrorCallback                   0x08002889   Thumb Code     2  stm32f1xx_hal_uart.o(i.HAL_UART_ErrorCallback)
    HAL_UART_IRQHandler                      0x0800288d   Thumb Code   736  stm32f1xx_hal_uart.o(i.HAL_UART_IRQHandler)
    HAL_UART_Init                            0x08002b71   Thumb Code   118  stm32f1xx_hal_uart.o(i.HAL_UART_Init)
    HAL_UART_MspInit                         0x08002be9   Thumb Code   240  usart.o(i.HAL_UART_MspInit)
    HAL_UART_RxCpltCallback                  0x08002ce9   Thumb Code     2  stm32f1xx_hal_uart.o(i.HAL_UART_RxCpltCallback)
    HAL_UART_Transmit                        0x08002ceb   Thumb Code   190  stm32f1xx_hal_uart.o(i.HAL_UART_Transmit)
    HAL_UART_TxCpltCallback                  0x08002da9   Thumb Code     2  stm32f1xx_hal_uart.o(i.HAL_UART_TxCpltCallback)
    HardFault_Handler                        0x08002dab   Thumb Code     4  stm32f1xx_it.o(i.HardFault_Handler)
    Int_MQTT_IsConnect                       0x08002db1   Thumb Code   130  int_w5500.o(i.Int_MQTT_IsConnect)
    Int_MQTT_Receive                         0x08002e89   Thumb Code    16  int_w5500.o(i.Int_MQTT_Receive)
    Int_MQTT_SendToServer                    0x08002e9d   Thumb Code    30  int_w5500.o(i.Int_MQTT_SendToServer)
    Int_Modbus_ReadCoil                      0x08002ec1   Thumb Code    72  int_modbus.o(i.Int_Modbus_ReadCoil)
    Int_Modbus_ReadDISC                      0x08002f09   Thumb Code    72  int_modbus.o(i.Int_Modbus_ReadDISC)
    Int_Modbus_ReadINPUT                     0x08002f51   Thumb Code    72  int_modbus.o(i.Int_Modbus_ReadINPUT)
    Int_Modbus_ResponseParse                 0x08002f99   Thumb Code  1798  int_modbus.o(i.Int_Modbus_ResponseParse)
    Int_Modbus_Send                          0x08003755   Thumb Code   168  int_modbus.o(i.Int_Modbus_Send)
    Int_Modbus_WriteCoil                     0x08003845   Thumb Code    84  int_modbus.o(i.Int_Modbus_WriteCoil)
    Int_Modbus_WriteHOLD                     0x08003899   Thumb Code    78  int_modbus.o(i.Int_Modbus_WriteHOLD)
    Int_W5500_Init                           0x080038e9   Thumb Code   764  int_w5500.o(i.Int_W5500_Init)
    MQTTClientInit                           0x08003cf1   Thumb Code    84  mqttclient.o(i.MQTTClientInit)
    MQTTConnect                              0x08003d45   Thumb Code   162  mqttclient.o(i.MQTTConnect)
    MQTTDeserialize_ack                      0x08003ded   Thumb Code   108  mqttdeserializepublish.o(i.MQTTDeserialize_ack)
    MQTTDeserialize_connack                  0x08003e59   Thumb Code   118  mqttconnectclient.o(i.MQTTDeserialize_connack)
    MQTTDeserialize_publish                  0x08003ecf   Thumb Code   168  mqttdeserializepublish.o(i.MQTTDeserialize_publish)
    MQTTDeserialize_suback                   0x08003f77   Thumb Code   146  mqttsubscribeclient.o(i.MQTTDeserialize_suback)
    MQTTPacket_decode                        0x08004009   Thumb Code    88  mqttpacket.o(i.MQTTPacket_decode)
    MQTTPacket_decodeBuf                     0x08004061   Thumb Code    20  mqttpacket.o(i.MQTTPacket_decodeBuf)
    MQTTPacket_encode                        0x0800407d   Thumb Code    54  mqttpacket.o(i.MQTTPacket_encode)
    MQTTPacket_equals                        0x080040b3   Thumb Code    66  mqttpacket.o(i.MQTTPacket_equals)
    MQTTPacket_len                           0x080040f5   Thumb Code    34  mqttpacket.o(i.MQTTPacket_len)
    MQTTPublish                              0x0800411d   Thumb Code   242  mqttclient.o(i.MQTTPublish)
    MQTTSerialize_ack                        0x0800420f   Thumb Code   114  mqttserializepublish.o(i.MQTTSerialize_ack)
    MQTTSerialize_connect                    0x08004281   Thumb Code   342  mqttconnectclient.o(i.MQTTSerialize_connect)
    MQTTSerialize_connectLength              0x080043e9   Thumb Code   118  mqttconnectclient.o(i.MQTTSerialize_connectLength)
    MQTTSerialize_pingreq                    0x0800445f   Thumb Code    18  mqttconnectclient.o(i.MQTTSerialize_pingreq)
    MQTTSerialize_publish                    0x08004471   Thumb Code   176  mqttserializepublish.o(i.MQTTSerialize_publish)
    MQTTSerialize_publishLength              0x08004521   Thumb Code    34  mqttserializepublish.o(i.MQTTSerialize_publishLength)
    MQTTSerialize_subscribe                  0x08004543   Thumb Code   174  mqttsubscribeclient.o(i.MQTTSerialize_subscribe)
    MQTTSerialize_subscribeLength            0x080045f1   Thumb Code    46  mqttsubscribeclient.o(i.MQTTSerialize_subscribeLength)
    MQTTSerialize_zero                       0x0800461f   Thumb Code    76  mqttconnectclient.o(i.MQTTSerialize_zero)
    MQTTSubscribe                            0x0800466b   Thumb Code   232  mqttclient.o(i.MQTTSubscribe)
    MQTTYield                                0x08004753   Thumb Code    40  mqttclient.o(i.MQTTYield)
    MQTTstrlen                               0x0800477b   Thumb Code    24  mqttpacket.o(i.MQTTstrlen)
    MX_GPIO_Init                             0x08004795   Thumb Code   196  gpio.o(i.MX_GPIO_Init)
    MX_SPI2_Init                             0x08004865   Thumb Code    58  spi.o(i.MX_SPI2_Init)
    MX_USART1_UART_Init                      0x080048a9   Thumb Code    46  usart.o(i.MX_USART1_UART_Init)
    MX_USART2_UART_Init                      0x080048e1   Thumb Code    46  usart.o(i.MX_USART2_UART_Init)
    MemManage_Handler                        0x08004919   Thumb Code     4  stm32f1xx_it.o(i.MemManage_Handler)
    NMI_Handler                              0x0800491d   Thumb Code     4  stm32f1xx_it.o(i.NMI_Handler)
    NewNetwork                               0x08004929   Thumb Code    16  mqtt_interface.o(i.NewNetwork)
    SysTick_Handler                          0x08004b01   Thumb Code    20  stm32f1xx_it.o(i.SysTick_Handler)
    SystemClock_Config                       0x08004b15   Thumb Code   102  main.o(i.SystemClock_Config)
    SystemInit                               0x08004b7b   Thumb Code     2  system_stm32f1xx.o(i.SystemInit)
    TimerCountdown                           0x08004b7d   Thumb Code    20  mqtt_interface.o(i.TimerCountdown)
    TimerCountdownMS                         0x08004b95   Thumb Code    10  mqtt_interface.o(i.TimerCountdownMS)
    TimerInit                                0x08004ba5   Thumb Code     6  mqtt_interface.o(i.TimerInit)
    TimerIsExpired                           0x08004bad   Thumb Code    14  mqtt_interface.o(i.TimerIsExpired)
    TimerLeftMS                              0x08004bc1   Thumb Code    22  mqtt_interface.o(i.TimerLeftMS)
    UART_Start_Receive_IT                    0x08004e75   Thumb Code    64  stm32f1xx_hal_uart.o(i.UART_Start_Receive_IT)
    USART2_IRQHandler                        0x08004fa1   Thumb Code    10  stm32f1xx_it.o(i.USART2_IRQHandler)
    UsageFault_Handler                       0x08004fb1   Thumb Code     4  stm32f1xx_it.o(i.UsageFault_Handler)
    WIZCHIP_READ                             0x08004fb5   Thumb Code   112  w5500.o(i.WIZCHIP_READ)
    WIZCHIP_READ_BUF                         0x08005029   Thumb Code   136  w5500.o(i.WIZCHIP_READ_BUF)
    WIZCHIP_WRITE                            0x080050b5   Thumb Code   112  w5500.o(i.WIZCHIP_WRITE)
    WIZCHIP_WRITE_BUF                        0x08005129   Thumb Code   132  w5500.o(i.WIZCHIP_WRITE_BUF)
    __0printf                                0x080051b1   Thumb Code    22  printfa.o(i.__0printf)
    __1printf                                0x080051b1   Thumb Code     0  printfa.o(i.__0printf)
    __2printf                                0x080051b1   Thumb Code     0  printfa.o(i.__0printf)
    __c89printf                              0x080051b1   Thumb Code     0  printfa.o(i.__0printf)
    printf                                   0x080051b1   Thumb Code     0  printfa.o(i.__0printf)
    __0sprintf                               0x080051d1   Thumb Code    34  printfa.o(i.__0sprintf)
    __1sprintf                               0x080051d1   Thumb Code     0  printfa.o(i.__0sprintf)
    __2sprintf                               0x080051d1   Thumb Code     0  printfa.o(i.__0sprintf)
    __c89sprintf                             0x080051d1   Thumb Code     0  printfa.o(i.__0sprintf)
    sprintf                                  0x080051d1   Thumb Code     0  printfa.o(i.__0sprintf)
    free                                     0x08005231   Thumb Code    88  mallocr.o(i.__free$realloc)
    malloc                                   0x0800528d   Thumb Code    64  mallocr.o(i.__malloc$realloc)
    __scatterload_copy                       0x080052dd   Thumb Code    14  handlers.o(i.__scatterload_copy)
    __scatterload_null                       0x080052eb   Thumb Code     2  handlers.o(i.__scatterload_null)
    __scatterload_zeroinit                   0x080052ed   Thumb Code    14  handlers.o(i.__scatterload_zeroinit)
    _is_digit                                0x08005481   Thumb Code    14  scanf_fp.o(i._is_digit)
    bufchar                                  0x08005c51   Thumb Code    36  mqttpacket.o(i.bufchar)
    cJSON_AddNumberToObject                  0x08005cc1   Thumb Code    56  cjson.o(i.cJSON_AddNumberToObject)
    cJSON_AddStringToObject                  0x08005cfd   Thumb Code    48  cjson.o(i.cJSON_AddStringToObject)
    cJSON_CreateNumber                       0x08005d31   Thumb Code    82  cjson.o(i.cJSON_CreateNumber)
    cJSON_CreateObject                       0x08005d95   Thumb Code    20  cjson.o(i.cJSON_CreateObject)
    cJSON_CreateString                       0x08005dad   Thumb Code    46  cjson.o(i.cJSON_CreateString)
    cJSON_Delete                             0x08005de1   Thumb Code    92  cjson.o(i.cJSON_Delete)
    cJSON_GetObjectItem                      0x08005e41   Thumb Code    18  cjson.o(i.cJSON_GetObjectItem)
    cJSON_IsNumber                           0x08005e53   Thumb Code    22  cjson.o(i.cJSON_IsNumber)
    cJSON_IsString                           0x08005e69   Thumb Code    22  cjson.o(i.cJSON_IsString)
    cJSON_ParseWithLength                    0x08005e99   Thumb Code    20  cjson.o(i.cJSON_ParseWithLength)
    cJSON_ParseWithLengthOpts                0x08005ead   Thumb Code   204  cjson.o(i.cJSON_ParseWithLengthOpts)
    cJSON_Print                              0x08005f81   Thumb Code    16  cjson.o(i.cJSON_Print)
    close                                    0x08006019   Thumb Code   142  socket.o(i.close)
    connect                                  0x0800612d   Thumb Code   342  socket.o(i.connect)
    cycle                                    0x08006289   Thumb Code   318  mqttclient.o(i.cycle)
    deliverMessage                           0x08006431   Thumb Code   140  mqttclient.o(i.deliverMessage)
    development_reg_func                     0x080064bd   Thumb Code    28  wizchip_conf.o(i.development_reg_func)
    disconnect                               0x080064f1   Thumb Code   180  socket.o(i.disconnect)
    fputc                                    0x08006665   Thumb Code    22  com_debug.o(i.fputc)
    getSn_RX_RSR                             0x08006699   Thumb Code   108  w5500.o(i.getSn_RX_RSR)
    getSn_TX_FSR                             0x08006705   Thumb Code   108  w5500.o(i.getSn_TX_FSR)
    keepalive                                0x0800688f   Thumb Code    86  mqttclient.o(i.keepalive)
    main                                     0x080068e5   Thumb Code    32  main.o(i.main)
    modbus_task                              0x08006905   Thumb Code   176  app_task.o(i.modbus_task)
    mqtt_aabbcc_callback                     0x08006a0d   Thumb Code   768  int_w5500.o(i.mqtt_aabbcc_callback)
    pvPortMalloc                             0x08007fa9   Thumb Code   208  heap_4.o(i.pvPortMalloc)
    pxPortInitialiseStack                    0x0800808d   Thumb Code    30  port.o(i.pxPortInitialiseStack)
    readChar                                 0x080080b1   Thumb Code    14  mqttpacket.o(i.readChar)
    readInt                                  0x080080bf   Thumb Code    26  mqttpacket.o(i.readInt)
    readMQTTLenString                        0x080080d9   Thumb Code    58  mqttpacket.o(i.readMQTTLenString)
    realloc                                  0x080081a1   Thumb Code   102  mallocr.o(i.realloc)
    recv                                     0x0800820d   Thumb Code   282  socket.o(i.recv)
    reg_wizchip_cris_cbfunc                  0x0800832d   Thumb Code    26  wizchip_conf.o(i.reg_wizchip_cris_cbfunc)
    reg_wizchip_cs_cbfunc                    0x08008355   Thumb Code    26  wizchip_conf.o(i.reg_wizchip_cs_cbfunc)
    reg_wizchip_spi_cbfunc                   0x0800837d   Thumb Code    40  wizchip_conf.o(i.reg_wizchip_spi_cbfunc)
    send                                     0x080083b1   Thumb Code   374  socket.o(i.send)
    socket                                   0x080085cd   Thumb Code   384  socket.o(i.socket)
    start_task                               0x08008761   Thumb Code   616  app_task.o(i.start_task)
    strtod                                   0x08008ac1   Thumb Code    28  strtod.o(i.strtod)
    ulTaskGenericNotifyTake                  0x08008ae5   Thumb Code   128  tasks.o(i.ulTaskGenericNotifyTake)
    usMBCRC16                                0x08008b91   Thumb Code    48  mbcrc.o(i.usMBCRC16)
    uxListRemove                             0x08008cf5   Thumb Code    40  list.o(i.uxListRemove)
    vListInitialise                          0x08008d1d   Thumb Code    26  list.o(i.vListInitialise)
    vListInitialiseItem                      0x08008d37   Thumb Code     6  list.o(i.vListInitialiseItem)
    vListInsert                              0x08008d3d   Thumb Code    52  list.o(i.vListInsert)
    vListInsertEnd                           0x08008d71   Thumb Code    24  list.o(i.vListInsertEnd)
    vPortEnterCritical                       0x08008d89   Thumb Code    30  port.o(i.vPortEnterCritical)
    vPortExitCritical                        0x08008dad   Thumb Code    28  port.o(i.vPortExitCritical)
    vPortFree                                0x08008dcd   Thumb Code    68  heap_4.o(i.vPortFree)
    vPortSetupTimerInterrupt                 0x08008e19   Thumb Code    20  port.o(i.vPortSetupTimerInterrupt)
    vTaskDelete                              0x08008e31   Thumb Code   174  tasks.o(i.vTaskDelete)
    vTaskGenericNotifyGiveFromISR            0x08008f05   Thumb Code   310  tasks.o(i.vTaskGenericNotifyGiveFromISR)
    vTaskStartScheduler                      0x08009055   Thumb Code    76  tasks.o(i.vTaskStartScheduler)
    vTaskSuspendAll                          0x080090c1   Thumb Code    12  tasks.o(i.vTaskSuspendAll)
    vTaskSwitchContext                       0x080090d1   Thumb Code    76  tasks.o(i.vTaskSwitchContext)
    w5500_task                               0x08009131   Thumb Code   136  app_task.o(i.w5500_task)
    w5x00_disconnect                         0x080091f9   Thumb Code    12  mqtt_interface.o(i.w5x00_disconnect)
    w5x00_read                               0x08009205   Thumb Code    62  mqtt_interface.o(i.w5x00_read)
    w5x00_write                              0x08009243   Thumb Code    52  mqtt_interface.o(i.w5x00_write)
    waitfor                                  0x08009277   Thumb Code    48  mqttclient.o(i.waitfor)
    wiz_recv_data                            0x080092a7   Thumb Code   132  w5500.o(i.wiz_recv_data)
    wiz_send_data                            0x0800932b   Thumb Code   132  w5500.o(i.wiz_send_data)
    wizchip_bus_readdata                     0x080093af   Thumb Code     6  wizchip_conf.o(i.wizchip_bus_readdata)
    wizchip_bus_writedata                    0x080093b5   Thumb Code     4  wizchip_conf.o(i.wizchip_bus_writedata)
    wizchip_cris_enter                       0x080093b9   Thumb Code     2  wizchip_conf.o(i.wizchip_cris_enter)
    wizchip_cris_exit                        0x080093bb   Thumb Code     2  wizchip_conf.o(i.wizchip_cris_exit)
    wizchip_cs_deselect                      0x080093bd   Thumb Code    14  wizchip_conf.o(i.wizchip_cs_deselect)
    wizchip_cs_select                        0x080093d1   Thumb Code    16  wizchip_conf.o(i.wizchip_cs_select)
    wizchip_spi_readbyte                     0x080093e5   Thumb Code    22  wizchip_conf.o(i.wizchip_spi_readbyte)
    wizchip_spi_writebyte                    0x08009401   Thumb Code    18  wizchip_conf.o(i.wizchip_spi_writebyte)
    writeCString                             0x08009419   Thumb Code    40  mqttpacket.o(i.writeCString)
    writeChar                                0x08009441   Thumb Code    12  mqttpacket.o(i.writeChar)
    writeInt                                 0x0800944d   Thumb Code    48  mqttpacket.o(i.writeInt)
    writeMQTTString                          0x0800947d   Thumb Code    62  mqttpacket.o(i.writeMQTTString)
    xPortStartScheduler                      0x080094bd   Thumb Code    42  port.o(i.xPortStartScheduler)
    xPortSysTickHandler                      0x080094f1   Thumb Code    46  port.o(i.xPortSysTickHandler)
    xTaskCreate                              0x08009525   Thumb Code   104  tasks.o(i.xTaskCreate)
    xTaskDelayUntil                          0x0800958d   Thumb Code   108  tasks.o(i.xTaskDelayUntil)
    xTaskGetSchedulerState                   0x08009601   Thumb Code    24  tasks.o(i.xTaskGetSchedulerState)
    xTaskGetTickCount                        0x08009621   Thumb Code     6  tasks.o(i.xTaskGetTickCount)
    xTaskIncrementTick                       0x0800962d   Thumb Code   356  tasks.o(i.xTaskIncrementTick)
    xTaskResumeAll                           0x080097bd   Thumb Code   310  tasks.o(i.xTaskResumeAll)
    AHBPrescTable                            0x0800992a   Data          16  system_stm32f1xx.o(.constdata)
    APBPrescTable                            0x0800993a   Data           8  system_stm32f1xx.o(.constdata)
    __ctype_categories                       0x08009bf4   Data          64  ctype_c.o(.constdata)
    Region$$Table$$Base                      0x08009c34   Number         0  anon$$obj.o(Region$$Table)
    Region$$Table$$Limit                     0x08009c54   Number         0  anon$$obj.o(Region$$Table)
    uwTick                                   0x20000000   Data           4  stm32f1xx_hal.o(.data)
    uwTickPrio                               0x20000004   Data           4  stm32f1xx_hal.o(.data)
    uwTickFreq                               0x20000008   Data           1  stm32f1xx_hal.o(.data)
    SystemCoreClock                          0x2000000c   Data           4  system_stm32f1xx.o(.data)
    start_task_handle                        0x20000010   Data           4  app_task.o(.data)
    w5500_task_handle                        0x20000014   Data           4  app_task.o(.data)
    modbus_task_handle                       0x20000018   Data           4  app_task.o(.data)
    modbus_rx_len                            0x2000001c   Data           2  app_task.o(.data)
    server_ip                                0x20000034   Data           4  int_w5500.o(.data)
    LocalConfig                              0x20000038   Data          18  int_w5500.o(.data)
    sock_pack_info                           0x20000050   Data           8  socket.o(.data)
    WIZCHIP                                  0x20000058   Data          44  wizchip_conf.o(.data)
    MilliTimer                               0x2000008c   Data           4  mqtt_interface.o(.data)
    pxCurrentTCB                             0x200000b4   Data           4  tasks.o(.data)
    uxTopUsedPriority                        0x200000ec   Data           4  tasks.o(.data)
    __stdout                                 0x200000f4   Data           4  stdout.o(.data)
    __microlib_freelist                      0x200000f8   Data           4  mvars.o(.data)
    __microlib_freelist_initialised          0x200000fc   Data           4  mvars.o(.data)
    hspi2                                    0x20000100   Data          88  spi.o(.bss)
    huart1                                   0x20000158   Data          72  usart.o(.bss)
    huart2                                   0x200001a0   Data          72  usart.o(.bss)
    modbus_rx_buffer                         0x200001e8   Data         256  app_task.o(.bss)
    network                                  0x200002e8   Data          16  int_w5500.o(.bss)
    mqttclient                               0x200002f8   Data          92  int_w5500.o(.bss)
    mqtt_sendbuf                             0x20000354   Data        1024  int_w5500.o(.bss)
    mqtt_readbuf                             0x20000754   Data        1024  int_w5500.o(.bss)
    __heap_base                              0x20003e48   Data           0  startup_stm32f103xb.o(HEAP)
    __heap_limit                             0x20004448   Data           0  startup_stm32f103xb.o(HEAP)
    __initial_sp                             0x20004848   Data           0  startup_stm32f103xb.o(STACK)



==============================================================================

Memory Map of the image

  Image Entry point : 0x080000ed

  Load Region LR_IROM1 (Base: 0x08000000, Size: 0x00009d54, Max: 0x00010000, ABSOLUTE)

    Execution Region ER_IROM1 (Exec base: 0x08000000, Load base: 0x08000000, Size: 0x00009c54, Max: 0x00010000, ABSOLUTE)

    Exec Addr    Load Addr    Size         Type   Attr      Idx    E Section Name        Object

    0x08000000   0x08000000   0x000000ec   Data   RO            3    RESET               startup_stm32f103xb.o
    0x080000ec   0x080000ec   0x00000000   Code   RO         5829  * .ARM.Collect$$$$00000000  mc_w.l(entry.o)
    0x080000ec   0x080000ec   0x00000004   Code   RO         6188    .ARM.Collect$$$$00000001  mc_w.l(entry2.o)
    0x080000f0   0x080000f0   0x00000004   Code   RO         6191    .ARM.Collect$$$$00000004  mc_w.l(entry5.o)
    0x080000f4   0x080000f4   0x00000000   Code   RO         6193    .ARM.Collect$$$$00000008  mc_w.l(entry7b.o)
    0x080000f4   0x080000f4   0x00000000   Code   RO         6195    .ARM.Collect$$$$0000000A  mc_w.l(entry8b.o)
    0x080000f4   0x080000f4   0x00000008   Code   RO         6196    .ARM.Collect$$$$0000000B  mc_w.l(entry9a.o)
    0x080000fc   0x080000fc   0x00000004   Code   RO         6203    .ARM.Collect$$$$0000000E  mc_w.l(entry12b.o)
    0x08000100   0x08000100   0x00000000   Code   RO         6198    .ARM.Collect$$$$0000000F  mc_w.l(entry10a.o)
    0x08000100   0x08000100   0x00000000   Code   RO         6200    .ARM.Collect$$$$00000011  mc_w.l(entry11a.o)
    0x08000100   0x08000100   0x00000004   Code   RO         6189    .ARM.Collect$$$$00002712  mc_w.l(entry2.o)
    0x08000104   0x08000104   0x00000096   Code   RO         5011    .emb_text           port.o
    0x0800019a   0x0800019a   0x00000002   PAD
    0x0800019c   0x0800019c   0x00000024   Code   RO            4    .text               startup_stm32f103xb.o
    0x080001c0   0x080001c0   0x00000020   Code   RO         5832    .text               mc_w.l(llushr.o)
    0x080001e0   0x080001e0   0x0000000c   Code   RO         5834    .text               mc_w.l(tolower.o)
    0x080001ec   0x080001ec   0x00000024   Code   RO         5843    .text               mc_w.l(memcpya.o)
    0x08000210   0x08000210   0x00000024   Code   RO         5845    .text               mc_w.l(memseta.o)
    0x08000234   0x08000234   0x0000000e   Code   RO         5855    .text               mc_w.l(strlen.o)
    0x08000242   0x08000242   0x0000001c   Code   RO         5857    .text               mc_w.l(strcmp.o)
    0x0800025e   0x0800025e   0x00000012   Code   RO         5861    .text               mc_w.l(strcpy.o)
    0x08000270   0x08000270   0x0000001e   Code   RO         5863    .text               mc_w.l(strncmp.o)
    0x0800028e   0x0800028e   0x00000016   Code   RO         5871    .text               mc_w.l(strrchr.o)
    0x080002a4   0x080002a4   0x00000038   Code   RO         6164    .text               mc_w.l(__0sscanf.o)
    0x080002dc   0x080002dc   0x00000360   Code   RO         6168    .text               mc_w.l(scanf_fp.o)
    0x0800063c   0x0800063c   0x0000014e   Code   RO         6172    .text               mf_w.l(dadd.o)
    0x0800078a   0x0800078a   0x000000e4   Code   RO         6174    .text               mf_w.l(dmul.o)
    0x0800086e   0x0800086e   0x00000022   Code   RO         6176    .text               mf_w.l(dflti.o)
    0x08000890   0x08000890   0x0000001a   Code   RO         6178    .text               mf_w.l(dfltui.o)
    0x080008aa   0x080008aa   0x0000003e   Code   RO         6180    .text               mf_w.l(dfixi.o)
    0x080008e8   0x080008e8   0x00000030   Code   RO         6184    .text               mf_w.l(cdcmple.o)
    0x08000918   0x08000918   0x00000030   Code   RO         6186    .text               mf_w.l(cdrcmple.o)
    0x08000948   0x08000948   0x0000002c   Code   RO         6205    .text               mc_w.l(uidiv.o)
    0x08000974   0x08000974   0x00000062   Code   RO         6207    .text               mc_w.l(uldiv.o)
    0x080009d6   0x080009d6   0x0000001e   Code   RO         6209    .text               mc_w.l(llshl.o)
    0x080009f4   0x080009f4   0x00000024   Code   RO         6211    .text               mc_w.l(llsshr.o)
    0x08000a18   0x08000a18   0x00000028   Code   RO         6223    .text               mc_w.l(scanf_char.o)
    0x08000a40   0x08000a40   0x00000040   Code   RO         6225    .text               mc_w.l(_sgetc.o)
    0x08000a80   0x08000a80   0x0000009c   Code   RO         6227    .text               mc_w.l(strtod.o)
    0x08000b1c   0x08000b1c   0x00000000   Code   RO         6229    .text               mc_w.l(iusefp.o)
    0x08000b1c   0x08000b1c   0x000000ba   Code   RO         6230    .text               mf_w.l(depilogue.o)
    0x08000bd6   0x08000bd6   0x000000de   Code   RO         6232    .text               mf_w.l(ddiv.o)
    0x08000cb4   0x08000cb4   0x00000018   Code   RO         6234    .text               mf_w.l(dfltul.o)
    0x08000ccc   0x08000ccc   0x00000030   Code   RO         6236    .text               mf_w.l(dfixul.o)
    0x08000cfc   0x08000cfc   0x00000038   Code   RO         6238    .text               mf_w.l(d2f.o)
    0x08000d34   0x08000d34   0x00000024   Code   RO         6240    .text               mc_w.l(init.o)
    0x08000d58   0x08000d58   0x0000000a   Code   RO         6242    .text               mc_w.l(isspace_c.o)
    0x08000d62   0x08000d62   0x00000002   PAD
    0x08000d64   0x08000d64   0x00000330   Code   RO         6244    .text               mc_w.l(_scanf.o)
    0x08001094   0x08001094   0x0000006e   Code   RO         6246    .text               mf_w.l(fepilogue.o)
    0x08001102   0x08001102   0x00000002   PAD
    0x08001104   0x08001104   0x00000028   Code   RO         6248    .text               mc_w.l(ctype_c.o)
    0x0800112c   0x0800112c   0x00000008   Code   RO         2435    i.App_MQTT_Receive  app_w5500.o
    0x08001134   0x08001134   0x000001ec   Code   RO         2377    i.App_Task_Start    app_task.o
    0x08001320   0x08001320   0x00000008   Code   RO         2436    i.App_W5500_Init    app_w5500.o
    0x08001328   0x08001328   0x00000004   Code   RO          444    i.BusFault_Handler  stm32f1xx_it.o
    0x0800132c   0x0800132c   0x0000000c   Code   RO         2506    i.Com_Delay_ms      com_util.o
    0x08001338   0x08001338   0x0000003c   Code   RO         3697    i.ConnectNetwork    mqtt_interface.o
    0x08001374   0x08001374   0x00000002   Code   RO          445    i.DebugMon_Handler  stm32f1xx_it.o
    0x08001376   0x08001376   0x00000006   Code   RO           13    i.Error_Handler     main.o
    0x0800137c   0x0800137c   0x00000056   Code   RO         1309    i.HAL_DMA_Abort     stm32f1xx_hal_dma.o
    0x080013d2   0x080013d2   0x00000002   PAD
    0x080013d4   0x080013d4   0x000000b0   Code   RO         1310    i.HAL_DMA_Abort_IT  stm32f1xx_hal_dma.o
    0x08001484   0x08001484   0x00000028   Code   RO          930    i.HAL_Delay         stm32f1xx_hal.o
    0x080014ac   0x080014ac   0x00000320   Code   RO         1245    i.HAL_GPIO_Init     stm32f1xx_hal_gpio.o
    0x080017cc   0x080017cc   0x0000000c   Code   RO         1249    i.HAL_GPIO_WritePin  stm32f1xx_hal_gpio.o
    0x080017d8   0x080017d8   0x0000000c   Code   RO          934    i.HAL_GetTick       stm32f1xx_hal.o
    0x080017e4   0x080017e4   0x00000018   Code   RO          940    i.HAL_IncTick       stm32f1xx_hal.o
    0x080017fc   0x080017fc   0x00000028   Code   RO          941    i.HAL_Init          stm32f1xx_hal.o
    0x08001824   0x08001824   0x0000004c   Code   RO          942    i.HAL_InitTick      stm32f1xx_hal.o
    0x08001870   0x08001870   0x00000054   Code   RO          541    i.HAL_MspInit       stm32f1xx_hal_msp.o
    0x080018c4   0x080018c4   0x00000020   Code   RO         1405    i.HAL_NVIC_EnableIRQ  stm32f1xx_hal_cortex.o
    0x080018e4   0x080018e4   0x0000007c   Code   RO         1411    i.HAL_NVIC_SetPriority  stm32f1xx_hal_cortex.o
    0x08001960   0x08001960   0x00000028   Code   RO         1412    i.HAL_NVIC_SetPriorityGrouping  stm32f1xx_hal_cortex.o
    0x08001988   0x08001988   0x0000018c   Code   RO         1098    i.HAL_RCC_ClockConfig  stm32f1xx_hal_rcc.o
    0x08001b14   0x08001b14   0x0000000c   Code   RO         1103    i.HAL_RCC_GetHCLKFreq  stm32f1xx_hal_rcc.o
    0x08001b20   0x08001b20   0x00000020   Code   RO         1105    i.HAL_RCC_GetPCLK1Freq  stm32f1xx_hal_rcc.o
    0x08001b40   0x08001b40   0x00000020   Code   RO         1106    i.HAL_RCC_GetPCLK2Freq  stm32f1xx_hal_rcc.o
    0x08001b60   0x08001b60   0x00000070   Code   RO         1107    i.HAL_RCC_GetSysClockFreq  stm32f1xx_hal_rcc.o
    0x08001bd0   0x08001bd0   0x00000464   Code   RO         1110    i.HAL_RCC_OscConfig  stm32f1xx_hal_rcc.o
    0x08002034   0x08002034   0x000000be   Code   RO          612    i.HAL_SPI_Init      stm32f1xx_hal_spi.o
    0x080020f2   0x080020f2   0x00000002   PAD
    0x080020f4   0x080020f4   0x00000088   Code   RO          355    i.HAL_SPI_MspInit   spi.o
    0x0800217c   0x0800217c   0x00000182   Code   RO          615    i.HAL_SPI_Receive   stm32f1xx_hal_spi.o
    0x080022fe   0x080022fe   0x000001be   Code   RO          620    i.HAL_SPI_Transmit  stm32f1xx_hal_spi.o
    0x080024bc   0x080024bc   0x00000248   Code   RO          621    i.HAL_SPI_TransmitReceive  stm32f1xx_hal_spi.o
    0x08002704   0x08002704   0x00000034   Code   RO         1416    i.HAL_SYSTICK_Config  stm32f1xx_hal_cortex.o
    0x08002738   0x08002738   0x00000072   Code   RO         1978    i.HAL_UARTEx_ReceiveToIdle_IT  stm32f1xx_hal_uart.o
    0x080027aa   0x080027aa   0x00000002   PAD
    0x080027ac   0x080027ac   0x000000dc   Code   RO         2378    i.HAL_UARTEx_RxEventCallback  app_task.o
    0x08002888   0x08002888   0x00000002   Code   RO         1993    i.HAL_UART_ErrorCallback  stm32f1xx_hal_uart.o
    0x0800288a   0x0800288a   0x00000002   PAD
    0x0800288c   0x0800288c   0x000002e4   Code   RO         1996    i.HAL_UART_IRQHandler  stm32f1xx_hal_uart.o
    0x08002b70   0x08002b70   0x00000076   Code   RO         1997    i.HAL_UART_Init     stm32f1xx_hal_uart.o
    0x08002be6   0x08002be6   0x00000002   PAD
    0x08002be8   0x08002be8   0x00000100   Code   RO          397    i.HAL_UART_MspInit  usart.o
    0x08002ce8   0x08002ce8   0x00000002   Code   RO         2003    i.HAL_UART_RxCpltCallback  stm32f1xx_hal_uart.o
    0x08002cea   0x08002cea   0x000000be   Code   RO         2005    i.HAL_UART_Transmit  stm32f1xx_hal_uart.o
    0x08002da8   0x08002da8   0x00000002   Code   RO         2008    i.HAL_UART_TxCpltCallback  stm32f1xx_hal_uart.o
    0x08002daa   0x08002daa   0x00000004   Code   RO          446    i.HardFault_Handler  stm32f1xx_it.o
    0x08002dae   0x08002dae   0x00000002   PAD
    0x08002db0   0x08002db0   0x000000d8   Code   RO         3224    i.Int_MQTT_IsConnect  int_w5500.o
    0x08002e88   0x08002e88   0x00000014   Code   RO         3225    i.Int_MQTT_Receive  int_w5500.o
    0x08002e9c   0x08002e9c   0x00000024   Code   RO         3226    i.Int_MQTT_SendToServer  int_w5500.o
    0x08002ec0   0x08002ec0   0x00000048   Code   RO         3283    i.Int_Modbus_ReadCoil  int_modbus.o
    0x08002f08   0x08002f08   0x00000048   Code   RO         3284    i.Int_Modbus_ReadDISC  int_modbus.o
    0x08002f50   0x08002f50   0x00000048   Code   RO         3285    i.Int_Modbus_ReadINPUT  int_modbus.o
    0x08002f98   0x08002f98   0x000007bc   Code   RO         3286    i.Int_Modbus_ResponseParse  int_modbus.o
    0x08003754   0x08003754   0x000000f0   Code   RO         3287    i.Int_Modbus_Send   int_modbus.o
    0x08003844   0x08003844   0x00000054   Code   RO         3288    i.Int_Modbus_WriteCoil  int_modbus.o
    0x08003898   0x08003898   0x0000004e   Code   RO         3289    i.Int_Modbus_WriteHOLD  int_modbus.o
    0x080038e6   0x080038e6   0x00000002   PAD
    0x080038e8   0x080038e8   0x00000408   Code   RO         3227    i.Int_W5500_Init    int_w5500.o
    0x08003cf0   0x08003cf0   0x00000054   Code   RO         3794    i.MQTTClientInit    mqttclient.o
    0x08003d44   0x08003d44   0x000000a8   Code   RO         3795    i.MQTTConnect       mqttclient.o
    0x08003dec   0x08003dec   0x0000006c   Code   RO         4014    i.MQTTDeserialize_ack  mqttdeserializepublish.o
    0x08003e58   0x08003e58   0x00000076   Code   RO         3927    i.MQTTDeserialize_connack  mqttconnectclient.o
    0x08003ece   0x08003ece   0x000000a8   Code   RO         4015    i.MQTTDeserialize_publish  mqttdeserializepublish.o
    0x08003f76   0x08003f76   0x00000092   Code   RO         4259    i.MQTTDeserialize_suback  mqttsubscribeclient.o
    0x08004008   0x08004008   0x00000058   Code   RO         4102    i.MQTTPacket_decode  mqttpacket.o
    0x08004060   0x08004060   0x0000001c   Code   RO         4103    i.MQTTPacket_decodeBuf  mqttpacket.o
    0x0800407c   0x0800407c   0x00000036   Code   RO         4105    i.MQTTPacket_encode  mqttpacket.o
    0x080040b2   0x080040b2   0x00000042   Code   RO         4106    i.MQTTPacket_equals  mqttpacket.o
    0x080040f4   0x080040f4   0x00000028   Code   RO         4107    i.MQTTPacket_len    mqttpacket.o
    0x0800411c   0x0800411c   0x000000f2   Code   RO         3797    i.MQTTPublish       mqttclient.o
    0x0800420e   0x0800420e   0x00000072   Code   RO         4217    i.MQTTSerialize_ack  mqttserializepublish.o
    0x08004280   0x08004280   0x00000168   Code   RO         3928    i.MQTTSerialize_connect  mqttconnectclient.o
    0x080043e8   0x080043e8   0x00000076   Code   RO         3929    i.MQTTSerialize_connectLength  mqttconnectclient.o
    0x0800445e   0x0800445e   0x00000012   Code   RO         3931    i.MQTTSerialize_pingreq  mqttconnectclient.o
    0x08004470   0x08004470   0x000000b0   Code   RO         4220    i.MQTTSerialize_publish  mqttserializepublish.o
    0x08004520   0x08004520   0x00000022   Code   RO         4221    i.MQTTSerialize_publishLength  mqttserializepublish.o
    0x08004542   0x08004542   0x000000ae   Code   RO         4260    i.MQTTSerialize_subscribe  mqttsubscribeclient.o
    0x080045f0   0x080045f0   0x0000002e   Code   RO         4261    i.MQTTSerialize_subscribeLength  mqttsubscribeclient.o
    0x0800461e   0x0800461e   0x0000004c   Code   RO         3932    i.MQTTSerialize_zero  mqttconnectclient.o
    0x0800466a   0x0800466a   0x000000e8   Code   RO         3799    i.MQTTSubscribe     mqttclient.o
    0x08004752   0x08004752   0x00000028   Code   RO         3801    i.MQTTYield         mqttclient.o
    0x0800477a   0x0800477a   0x00000018   Code   RO         4110    i.MQTTstrlen        mqttpacket.o
    0x08004792   0x08004792   0x00000002   PAD
    0x08004794   0x08004794   0x000000d0   Code   RO          249    i.MX_GPIO_Init      gpio.o
    0x08004864   0x08004864   0x00000044   Code   RO          356    i.MX_SPI2_Init      spi.o
    0x080048a8   0x080048a8   0x00000038   Code   RO          398    i.MX_USART1_UART_Init  usart.o
    0x080048e0   0x080048e0   0x00000038   Code   RO          399    i.MX_USART2_UART_Init  usart.o
    0x08004918   0x08004918   0x00000004   Code   RO          447    i.MemManage_Handler  stm32f1xx_it.o
    0x0800491c   0x0800491c   0x00000004   Code   RO          448    i.NMI_Handler       stm32f1xx_it.o
    0x08004920   0x08004920   0x00000006   Code   RO         3802    i.NewMessageData    mqttclient.o
    0x08004926   0x08004926   0x00000002   PAD
    0x08004928   0x08004928   0x0000001c   Code   RO         3699    i.NewNetwork        mqtt_interface.o
    0x08004944   0x08004944   0x00000028   Code   RO         1111    i.RCC_Delay         stm32f1xx_hal_rcc.o
    0x0800496c   0x0800496c   0x00000078   Code   RO          649    i.SPI_EndRxTransaction  stm32f1xx_hal_spi.o
    0x080049e4   0x080049e4   0x00000044   Code   RO          650    i.SPI_EndRxTxTransaction  stm32f1xx_hal_spi.o
    0x08004a28   0x08004a28   0x000000d8   Code   RO          655    i.SPI_WaitFlagStateUntilTimeout  stm32f1xx_hal_spi.o
    0x08004b00   0x08004b00   0x00000014   Code   RO          449    i.SysTick_Handler   stm32f1xx_it.o
    0x08004b14   0x08004b14   0x00000066   Code   RO           14    i.SystemClock_Config  main.o
    0x08004b7a   0x08004b7a   0x00000002   Code   RO         2341    i.SystemInit        system_stm32f1xx.o
    0x08004b7c   0x08004b7c   0x00000018   Code   RO         3700    i.TimerCountdown    mqtt_interface.o
    0x08004b94   0x08004b94   0x00000010   Code   RO         3701    i.TimerCountdownMS  mqtt_interface.o
    0x08004ba4   0x08004ba4   0x00000006   Code   RO         3702    i.TimerInit         mqtt_interface.o
    0x08004baa   0x08004baa   0x00000002   PAD
    0x08004bac   0x08004bac   0x00000014   Code   RO         3703    i.TimerIsExpired    mqtt_interface.o
    0x08004bc0   0x08004bc0   0x0000001c   Code   RO         3704    i.TimerLeftMS       mqtt_interface.o
    0x08004bdc   0x08004bdc   0x00000014   Code   RO         2010    i.UART_DMAAbortOnError  stm32f1xx_hal_uart.o
    0x08004bf0   0x08004bf0   0x0000006c   Code   RO         2020    i.UART_EndRxTransfer  stm32f1xx_hal_uart.o
    0x08004c5c   0x08004c5c   0x00000020   Code   RO         2021    i.UART_EndTransmit_IT  stm32f1xx_hal_uart.o
    0x08004c7c   0x08004c7c   0x000000fc   Code   RO         2023    i.UART_Receive_IT   stm32f1xx_hal_uart.o
    0x08004d78   0x08004d78   0x000000fc   Code   RO         2024    i.UART_SetConfig    stm32f1xx_hal_uart.o
    0x08004e74   0x08004e74   0x00000040   Code   RO         2026    i.UART_Start_Receive_IT  stm32f1xx_hal_uart.o
    0x08004eb4   0x08004eb4   0x00000060   Code   RO         2027    i.UART_Transmit_IT  stm32f1xx_hal_uart.o
    0x08004f14   0x08004f14   0x0000008c   Code   RO         2028    i.UART_WaitOnFlagUntilTimeout  stm32f1xx_hal_uart.o
    0x08004fa0   0x08004fa0   0x00000010   Code   RO          450    i.USART2_IRQHandler  stm32f1xx_it.o
    0x08004fb0   0x08004fb0   0x00000004   Code   RO          451    i.UsageFault_Handler  stm32f1xx_it.o
    0x08004fb4   0x08004fb4   0x00000074   Code   RO         4863    i.WIZCHIP_READ      w5500.o
    0x08005028   0x08005028   0x0000008c   Code   RO         4864    i.WIZCHIP_READ_BUF  w5500.o
    0x080050b4   0x080050b4   0x00000074   Code   RO         4865    i.WIZCHIP_WRITE     w5500.o
    0x08005128   0x08005128   0x00000088   Code   RO         4866    i.WIZCHIP_WRITE_BUF  w5500.o
    0x080051b0   0x080051b0   0x00000020   Code   RO         6108    i.__0printf         mc_w.l(printfa.o)
    0x080051d0   0x080051d0   0x00000028   Code   RO         6110    i.__0sprintf        mc_w.l(printfa.o)
    0x080051f8   0x080051f8   0x00000010   Code   RO         1418    i.__NVIC_GetPriorityGrouping  stm32f1xx_hal_cortex.o
    0x08005208   0x08005208   0x00000028   Code   RO         1419    i.__NVIC_SetPriority  stm32f1xx_hal_cortex.o
    0x08005230   0x08005230   0x0000005c   Code   RO         6140    i.__free$realloc    mc_w.l(mallocr.o)
    0x0800528c   0x0800528c   0x00000050   Code   RO         6141    i.__malloc$realloc  mc_w.l(mallocr.o)
    0x080052dc   0x080052dc   0x0000000e   Code   RO         6253    i.__scatterload_copy  mc_w.l(handlers.o)
    0x080052ea   0x080052ea   0x00000002   Code   RO         6254    i.__scatterload_null  mc_w.l(handlers.o)
    0x080052ec   0x080052ec   0x0000000e   Code   RO         6255    i.__scatterload_zeroinit  mc_w.l(handlers.o)
    0x080052fa   0x080052fa   0x00000002   PAD
    0x080052fc   0x080052fc   0x00000184   Code   RO         6115    i._fp_digits        mc_w.l(printfa.o)
    0x08005480   0x08005480   0x0000000e   Code   RO         6170    i._is_digit         mc_w.l(scanf_fp.o)
    0x0800548e   0x0800548e   0x00000002   PAD
    0x08005490   0x08005490   0x000006b4   Code   RO         6116    i._printf_core      mc_w.l(printfa.o)
    0x08005b44   0x08005b44   0x00000024   Code   RO         6117    i._printf_post_padding  mc_w.l(printfa.o)
    0x08005b68   0x08005b68   0x0000002e   Code   RO         6118    i._printf_pre_padding  mc_w.l(printfa.o)
    0x08005b96   0x08005b96   0x0000000a   Code   RO         6120    i._sputc            mc_w.l(printfa.o)
    0x08005ba0   0x08005ba0   0x00000036   Code   RO         2545    i.add_item_to_array  cjson.o
    0x08005bd6   0x08005bd6   0x0000007a   Code   RO         2546    i.add_item_to_object  cjson.o
    0x08005c50   0x08005c50   0x00000028   Code   RO         4111    i.bufchar           mqttpacket.o
    0x08005c78   0x08005c78   0x00000048   Code   RO         2547    i.buffer_skip_whitespace  cjson.o
    0x08005cc0   0x08005cc0   0x0000003c   Code   RO         2557    i.cJSON_AddNumberToObject  cjson.o
    0x08005cfc   0x08005cfc   0x00000034   Code   RO         2560    i.cJSON_AddStringToObject  cjson.o
    0x08005d30   0x08005d30   0x00000064   Code   RO         2571    i.cJSON_CreateNumber  cjson.o
    0x08005d94   0x08005d94   0x00000018   Code   RO         2572    i.cJSON_CreateObject  cjson.o
    0x08005dac   0x08005dac   0x00000034   Code   RO         2575    i.cJSON_CreateString  cjson.o
    0x08005de0   0x08005de0   0x00000060   Code   RO         2579    i.cJSON_Delete      cjson.o
    0x08005e40   0x08005e40   0x00000012   Code   RO         2592    i.cJSON_GetObjectItem  cjson.o
    0x08005e52   0x08005e52   0x00000016   Code   RO         2603    i.cJSON_IsNumber    cjson.o
    0x08005e68   0x08005e68   0x00000016   Code   RO         2606    i.cJSON_IsString    cjson.o
    0x08005e7e   0x08005e7e   0x0000001a   Code   RO         2609    i.cJSON_New_Item    cjson.o
    0x08005e98   0x08005e98   0x00000014   Code   RO         2611    i.cJSON_ParseWithLength  cjson.o
    0x08005eac   0x08005eac   0x000000d4   Code   RO         2612    i.cJSON_ParseWithLengthOpts  cjson.o
    0x08005f80   0x08005f80   0x00000014   Code   RO         2614    i.cJSON_Print       cjson.o
    0x08005f94   0x08005f94   0x00000038   Code   RO         2627    i.cJSON_strdup      cjson.o
    0x08005fcc   0x08005fcc   0x00000048   Code   RO         2628    i.case_insensitive_strcmp  cjson.o
    0x08006014   0x08006014   0x00000002   Code   RO         2629    i.cast_away_const   cjson.o
    0x08006016   0x08006016   0x00000002   PAD
    0x08006018   0x08006018   0x000000a0   Code   RO         3343    i.close             socket.o
    0x080060b8   0x080060b8   0x00000074   Code   RO         2630    i.compare_double    cjson.o
    0x0800612c   0x0800612c   0x0000015c   Code   RO         3344    i.connect           socket.o
    0x08006288   0x08006288   0x0000013e   Code   RO         3803    i.cycle             mqttclient.o
    0x080063c6   0x080063c6   0x0000006a   Code   RO         3804    i.decodePacket      mqttclient.o
    0x08006430   0x08006430   0x0000008c   Code   RO         3805    i.deliverMessage    mqttclient.o
    0x080064bc   0x080064bc   0x00000034   Code   RO         3453    i.development_reg_func  wizchip_conf.o
    0x080064f0   0x080064f0   0x000000bc   Code   RO         3346    i.disconnect        socket.o
    0x080065ac   0x080065ac   0x000000b8   Code   RO         2632    i.ensure            cjson.o
    0x08006664   0x08006664   0x0000001c   Code   RO         2465    i.fputc             com_debug.o
    0x08006680   0x08006680   0x00000018   Code   RO         3806    i.getNextPacketId   mqttclient.o
    0x08006698   0x08006698   0x0000006c   Code   RO         4867    i.getSn_RX_RSR      w5500.o
    0x08006704   0x08006704   0x0000006c   Code   RO         4868    i.getSn_TX_FSR      w5500.o
    0x08006770   0x08006770   0x00000004   Code   RO         2634    i.get_decimal_point  cjson.o
    0x08006774   0x08006774   0x00000052   Code   RO         2635    i.get_object_item   cjson.o
    0x080067c6   0x080067c6   0x00000002   PAD
    0x080067c8   0x080067c8   0x00000050   Code   RO         6142    i.internal_alloc    mc_w.l(mallocr.o)
    0x08006818   0x08006818   0x00000076   Code   RO         3807    i.isTopicMatched    mqttclient.o
    0x0800688e   0x0800688e   0x00000056   Code   RO         3808    i.keepalive         mqttclient.o
    0x080068e4   0x080068e4   0x00000020   Code   RO           15    i.main              main.o
    0x08006904   0x08006904   0x00000108   Code   RO         2379    i.modbus_task       app_task.o
    0x08006a0c   0x08006a0c   0x0000040c   Code   RO         3228    i.mqtt_aabbcc_callback  int_w5500.o
    0x08006e18   0x08006e18   0x000000f8   Code   RO         2637    i.parse_array       cjson.o
    0x08006f10   0x08006f10   0x0000005a   Code   RO         2638    i.parse_hex4        cjson.o
    0x08006f6a   0x08006f6a   0x00000002   PAD
    0x08006f6c   0x08006f6c   0x00000138   Code   RO         2639    i.parse_number      cjson.o
    0x080070a4   0x080070a4   0x0000014c   Code   RO         2640    i.parse_object      cjson.o
    0x080071f0   0x080071f0   0x0000018e   Code   RO         2641    i.parse_string      cjson.o
    0x0800737e   0x0800737e   0x00000002   PAD
    0x08007380   0x08007380   0x0000013c   Code   RO         2642    i.parse_value       cjson.o
    0x080074bc   0x080074bc   0x000000bc   Code   RO         2643    i.print             cjson.o
    0x08007578   0x08007578   0x000000b2   Code   RO         2644    i.print_array       cjson.o
    0x0800762a   0x0800762a   0x00000002   PAD
    0x0800762c   0x0800762c   0x00000154   Code   RO         2645    i.print_number      cjson.o
    0x08007780   0x08007780   0x00000174   Code   RO         2646    i.print_object      cjson.o
    0x080078f4   0x080078f4   0x00000010   Code   RO         2647    i.print_string      cjson.o
    0x08007904   0x08007904   0x00000174   Code   RO         2648    i.print_string_ptr  cjson.o
    0x08007a78   0x08007a78   0x00000104   Code   RO         2649    i.print_value       cjson.o
    0x08007b7c   0x08007b7c   0x000000c0   Code   RO         5484    i.prvAddCurrentTaskToDelayedList  tasks.o
    0x08007c3c   0x08007c3c   0x000000e4   Code   RO         5485    i.prvAddNewTaskToReadyList  tasks.o
    0x08007d20   0x08007d20   0x00000048   Code   RO         5486    i.prvCheckTasksWaitingTermination  tasks.o
    0x08007d68   0x08007d68   0x00000012   Code   RO         5487    i.prvDeleteTCB      tasks.o
    0x08007d7a   0x08007d7a   0x00000002   PAD
    0x08007d7c   0x08007d7c   0x00000070   Code   RO         4935    i.prvHeapInit       heap_4.o
    0x08007dec   0x08007dec   0x00000028   Code   RO         5488    i.prvIdleTask       tasks.o
    0x08007e14   0x08007e14   0x0000007a   Code   RO         5489    i.prvInitialiseNewTask  tasks.o
    0x08007e8e   0x08007e8e   0x00000002   PAD
    0x08007e90   0x08007e90   0x00000068   Code   RO         5490    i.prvInitialiseTaskLists  tasks.o
    0x08007ef8   0x08007ef8   0x00000068   Code   RO         4936    i.prvInsertBlockIntoFreeList  heap_4.o
    0x08007f60   0x08007f60   0x00000030   Code   RO         5491    i.prvResetNextTaskUnblockTime  tasks.o
    0x08007f90   0x08007f90   0x00000016   Code   RO         5012    i.prvTaskExitError  port.o
    0x08007fa6   0x08007fa6   0x00000002   PAD
    0x08007fa8   0x08007fa8   0x000000e4   Code   RO         4938    i.pvPortMalloc      heap_4.o
    0x0800808c   0x0800808c   0x00000024   Code   RO         5013    i.pxPortInitialiseStack  port.o
    0x080080b0   0x080080b0   0x0000000e   Code   RO         4113    i.readChar          mqttpacket.o
    0x080080be   0x080080be   0x0000001a   Code   RO         4114    i.readInt           mqttpacket.o
    0x080080d8   0x080080d8   0x0000003a   Code   RO         4115    i.readMQTTLenString  mqttpacket.o
    0x08008112   0x08008112   0x0000008c   Code   RO         3809    i.readPacket        mqttclient.o
    0x0800819e   0x0800819e   0x00000002   PAD
    0x080081a0   0x080081a0   0x0000006c   Code   RO         6143    i.realloc           mc_w.l(mallocr.o)
    0x0800820c   0x0800820c   0x00000120   Code   RO         3349    i.recv              socket.o
    0x0800832c   0x0800832c   0x00000028   Code   RO         3455    i.reg_wizchip_cris_cbfunc  wizchip_conf.o
    0x08008354   0x08008354   0x00000028   Code   RO         3456    i.reg_wizchip_cs_cbfunc  wizchip_conf.o
    0x0800837c   0x0800837c   0x00000034   Code   RO         3457    i.reg_wizchip_spi_cbfunc  wizchip_conf.o
    0x080083b0   0x080083b0   0x00000180   Code   RO         3351    i.send              socket.o
    0x08008530   0x08008530   0x00000060   Code   RO         3810    i.sendPacket        mqttclient.o
    0x08008590   0x08008590   0x0000003c   Code   RO         2653    i.skip_utf8_bom     cjson.o
    0x080085cc   0x080085cc   0x00000194   Code   RO         3354    i.socket            socket.o
    0x08008760   0x08008760   0x00000360   Code   RO         2380    i.start_task        app_task.o
    0x08008ac0   0x08008ac0   0x0000001c   Code   RO         5826    i.strtod            m_ws.l(strtod.o)
    0x08008adc   0x08008adc   0x00000006   Code   RO         2654    i.suffix_object     cjson.o
    0x08008ae2   0x08008ae2   0x00000002   PAD
    0x08008ae4   0x08008ae4   0x00000088   Code   RO         5493    i.ulTaskGenericNotifyTake  tasks.o
    0x08008b6c   0x08008b6c   0x00000024   Code   RO         2655    i.update_offset     cjson.o
    0x08008b90   0x08008b90   0x00000038   Code   RO         5799    i.usMBCRC16         mbcrc.o
    0x08008bc8   0x08008bc8   0x0000012c   Code   RO         2656    i.utf16_literal_to_utf8  cjson.o
    0x08008cf4   0x08008cf4   0x00000028   Code   RO         5174    i.uxListRemove      list.o
    0x08008d1c   0x08008d1c   0x0000001a   Code   RO         5175    i.vListInitialise   list.o
    0x08008d36   0x08008d36   0x00000006   Code   RO         5176    i.vListInitialiseItem  list.o
    0x08008d3c   0x08008d3c   0x00000034   Code   RO         5177    i.vListInsert       list.o
    0x08008d70   0x08008d70   0x00000018   Code   RO         5178    i.vListInsertEnd    list.o
    0x08008d88   0x08008d88   0x00000024   Code   RO         5015    i.vPortEnterCritical  port.o
    0x08008dac   0x08008dac   0x00000020   Code   RO         5016    i.vPortExitCritical  port.o
    0x08008dcc   0x08008dcc   0x0000004c   Code   RO         4939    i.vPortFree         heap_4.o
    0x08008e18   0x08008e18   0x00000018   Code   RO         5017    i.vPortSetupTimerInterrupt  port.o
    0x08008e30   0x08008e30   0x000000d4   Code   RO         5500    i.vTaskDelete       tasks.o
    0x08008f04   0x08008f04   0x00000150   Code   RO         5502    i.vTaskGenericNotifyGiveFromISR  tasks.o
    0x08009054   0x08009054   0x0000006c   Code   RO         5511    i.vTaskStartScheduler  tasks.o
    0x080090c0   0x080090c0   0x00000010   Code   RO         5513    i.vTaskSuspendAll   tasks.o
    0x080090d0   0x080090d0   0x00000060   Code   RO         5514    i.vTaskSwitchContext  tasks.o
    0x08009130   0x08009130   0x000000c8   Code   RO         2381    i.w5500_task        app_task.o
    0x080091f8   0x080091f8   0x0000000c   Code   RO         3705    i.w5x00_disconnect  mqtt_interface.o
    0x08009204   0x08009204   0x0000003e   Code   RO         3706    i.w5x00_read        mqtt_interface.o
    0x08009242   0x08009242   0x00000034   Code   RO         3707    i.w5x00_write       mqtt_interface.o
    0x08009276   0x08009276   0x00000030   Code   RO         3811    i.waitfor           mqttclient.o
    0x080092a6   0x080092a6   0x00000084   Code   RO         4869    i.wiz_recv_data     w5500.o
    0x0800932a   0x0800932a   0x00000084   Code   RO         4871    i.wiz_send_data     w5500.o
    0x080093ae   0x080093ae   0x00000006   Code   RO         3459    i.wizchip_bus_readdata  wizchip_conf.o
    0x080093b4   0x080093b4   0x00000004   Code   RO         3460    i.wizchip_bus_writedata  wizchip_conf.o
    0x080093b8   0x080093b8   0x00000002   Code   RO         3462    i.wizchip_cris_enter  wizchip_conf.o
    0x080093ba   0x080093ba   0x00000002   Code   RO         3463    i.wizchip_cris_exit  wizchip_conf.o
    0x080093bc   0x080093bc   0x00000014   Code   RO         3464    i.wizchip_cs_deselect  wizchip_conf.o
    0x080093d0   0x080093d0   0x00000014   Code   RO         3465    i.wizchip_cs_select  wizchip_conf.o
    0x080093e4   0x080093e4   0x0000001c   Code   RO         3477    i.wizchip_spi_readbyte  wizchip_conf.o
    0x08009400   0x08009400   0x00000018   Code   RO         3479    i.wizchip_spi_writebyte  wizchip_conf.o
    0x08009418   0x08009418   0x00000028   Code   RO         4116    i.writeCString      mqttpacket.o
    0x08009440   0x08009440   0x0000000c   Code   RO         4117    i.writeChar         mqttpacket.o
    0x0800944c   0x0800944c   0x00000030   Code   RO         4118    i.writeInt          mqttpacket.o
    0x0800947c   0x0800947c   0x0000003e   Code   RO         4119    i.writeMQTTString   mqttpacket.o
    0x080094ba   0x080094ba   0x00000002   PAD
    0x080094bc   0x080094bc   0x00000034   Code   RO         5018    i.xPortStartScheduler  port.o
    0x080094f0   0x080094f0   0x00000034   Code   RO         5019    i.xPortSysTickHandler  port.o
    0x08009524   0x08009524   0x00000068   Code   RO         5517    i.xTaskCreate       tasks.o
    0x0800958c   0x0800958c   0x00000074   Code   RO         5518    i.xTaskDelayUntil   tasks.o
    0x08009600   0x08009600   0x00000020   Code   RO         5524    i.xTaskGetSchedulerState  tasks.o
    0x08009620   0x08009620   0x0000000c   Code   RO         5525    i.xTaskGetTickCount  tasks.o
    0x0800962c   0x0800962c   0x00000190   Code   RO         5527    i.xTaskIncrementTick  tasks.o
    0x080097bc   0x080097bc   0x0000015c   Code   RO         5529    i.xTaskResumeAll    tasks.o
    0x08009918   0x08009918   0x00000012   Data   RO         1112    .constdata          stm32f1xx_hal_rcc.o
    0x0800992a   0x0800992a   0x00000018   Data   RO         2342    .constdata          system_stm32f1xx.o
    0x08009942   0x08009942   0x00000002   PAD
    0x08009944   0x08009944   0x00000058   Data   RO         3230    .constdata          int_w5500.o
    0x0800999c   0x0800999c   0x00000058   Data   RO         3812    .constdata          mqttclient.o
    0x080099f4   0x080099f4   0x00000200   Data   RO         5800    .constdata          mbcrc.o
    0x08009bf4   0x08009bf4   0x00000040   Data   RO         6249    .constdata          mc_w.l(ctype_c.o)
    0x08009c34   0x08009c34   0x00000020   Data   RO         6251    Region$$Table       anon$$obj.o


    Execution Region RW_IRAM1 (Exec base: 0x20000000, Load base: 0x08009c54, Size: 0x00004848, Max: 0x00005000, ABSOLUTE)

    Exec Addr    Load Addr    Size         Type   Attr      Idx    E Section Name        Object

    0x20000000   0x08009c54   0x00000009   Data   RW          948    .data               stm32f1xx_hal.o
    0x20000009   0x08009c5d   0x00000003   PAD
    0x2000000c   0x08009c60   0x00000004   Data   RW         2343    .data               system_stm32f1xx.o
    0x20000010   0x08009c64   0x0000000e   Data   RW         2383    .data               app_task.o
    0x2000001e   0x08009c72   0x00000002   PAD
    0x20000020   0x08009c74   0x00000014   Data   RW         2658    .data               cjson.o
    0x20000034   0x08009c88   0x00000016   Data   RW         3231    .data               int_w5500.o
    0x2000004a   0x08009c9e   0x0000000e   Data   RW         3356    .data               socket.o
    0x20000058   0x08009cac   0x00000031   Data   RW         3488    .data               wizchip_conf.o
    0x20000089   0x08009cdd   0x00000003   PAD
    0x2000008c   0x08009ce0   0x00000004   Data   RW         3708    .data               mqtt_interface.o
    0x20000090   0x08009ce4   0x00000004   Data   RW         4120    .data               mqttpacket.o
    0x20000094   0x08009ce8   0x0000001c   Data   RW         4945    .data               heap_4.o
    0x200000b0   0x08009d04   0x00000004   Data   RW         5020    .data               port.o
    0x200000b4   0x08009d08   0x00000040   Data   RW         5532    .data               tasks.o
    0x200000f4   0x08009d48   0x00000004   Data   RW         6204    .data               mc_w.l(stdout.o)
    0x200000f8   0x08009d4c   0x00000004   Data   RW         6219    .data               mc_w.l(mvars.o)
    0x200000fc   0x08009d50   0x00000004   Data   RW         6220    .data               mc_w.l(mvars.o)
    0x20000100        -       0x00000058   Zero   RW          357    .bss                spi.o
    0x20000158        -       0x00000090   Zero   RW          400    .bss                usart.o
    0x200001e8        -       0x00000100   Zero   RW         2382    .bss                app_task.o
    0x200002e8        -       0x0000086c   Zero   RW         3229    .bss                int_w5500.o
    0x20000b54        -       0x00000010   Zero   RW         3355    .bss                socket.o
    0x20000b64        -       0x00003000   Zero   RW         4944    .bss                heap_4.o
    0x20003b64        -       0x000002e4   Zero   RW         5531    .bss                tasks.o
    0x20003e48        -       0x00000600   Zero   RW            2    HEAP                startup_stm32f103xb.o
    0x20004448        -       0x00000400   Zero   RW            1    STACK               startup_stm32f103xb.o


==============================================================================

Image component sizes


      Code (inc. data)   RO Data    RW Data    ZI Data      Debug   Object Name

      2040        608          0         14        256       4242   app_task.o
        16          0          0          0          0        936   app_w5500.o
      5312        182          0         20          0      38679   cjson.o
        28          6          0          0          0       1800   com_debug.o
        12          0          0          0          0        511   com_util.o
       208         12          0          0          0     396451   gpio.o
       520         58          0         28      12288       7451   heap_4.o
      2598        628          0          0          0       5922   int_modbus.o
      2340        632         88         22       2156       4777   int_w5500.o
       148          0          0          0          0       3426   list.o
       140          0          0          0          0     407744   main.o
        56          8        512          0          0       1276   mbcrc.o
       308         34          0          4          0       7776   mqtt_interface.o
      1848         18         88          0          0      16576   mqttclient.o
       690         18          0          0          0       7321   mqttconnectclient.o
       276          0          0          0          0       2796   mqttdeserializepublish.o
       600         18          0          4          0      10436   mqttpacket.o
       324          0          0          0          0       2854   mqttserializepublish.o
       366          0          0          0          0       3535   mqttsubscribeclient.o
       404         48          0          4          0       9692   port.o
      1772         68          0         14         16       5975   socket.o
       204         22          0          0         88       1645   spi.o
        36          8        236          0       2560        804   startup_stm32f103xb.o
       192         36          0          9          0       5905   stm32f1xx_hal.o
       304         22          0          0          0      29451   stm32f1xx_hal_cortex.o
       262          4          0          0          0       1759   stm32f1xx_hal_dma.o
       812         34          0          0          0       2680   stm32f1xx_hal_gpio.o
        84          8          0          0          0        898   stm32f1xx_hal_msp.o
      1748         98         18          0          0       5984   stm32f1xx_hal_rcc.o
      2010          6          0          0          0       7498   stm32f1xx_hal_spi.o
      2132          8          0          0          0      12141   stm32f1xx_hal_uart.o
        58          6          0          0          0      11771   stm32f1xx_it.o
         2          0         24          4          0       1127   system_stm32f1xx.o
      2740        350          0         64        740      30701   tasks.o
       368         36          0          0        144       2307   usart.o
       988         16          0          0          0       6064   w5500.o
       290         86          0         49          0      10045   wizchip_conf.o

    ----------------------------------------------------------------------
     32280       3078       1000        244      18248    1070956   Object Totals
         0          0         32          0          0          0   (incl. Generated)
        44          0          2          8          0          0   (incl. Padding)

    ----------------------------------------------------------------------

      Code (inc. data)   RO Data    RW Data    ZI Data      Debug   Library Member Name

        28          0          0          0          0         80   strtod.o
        56          8          0          0          0         84   __0sscanf.o
       816          6          0          0          0        112   _scanf.o
        64          0          0          0          0         84   _sgetc.o
        40          6         64          0          0         68   ctype_c.o
         0          0          0          0          0          0   entry.o
         0          0          0          0          0          0   entry10a.o
         0          0          0          0          0          0   entry11a.o
         4          0          0          0          0          0   entry12b.o
         8          4          0          0          0          0   entry2.o
         4          0          0          0          0          0   entry5.o
         0          0          0          0          0          0   entry7b.o
         0          0          0          0          0          0   entry8b.o
         8          4          0          0          0          0   entry9a.o
        30          0          0          0          0          0   handlers.o
        36          8          0          0          0         68   init.o
        10          0          0          0          0         68   isspace_c.o
         0          0          0          0          0          0   iusefp.o
        30          0          0          0          0         68   llshl.o
        36          0          0          0          0         68   llsshr.o
        32          0          0          0          0         68   llushr.o
       360         30          0          0          0        356   mallocr.o
        36          0          0          0          0         68   memcpya.o
        36          0          0          0          0        108   memseta.o
         0          0          0          8          0          0   mvars.o
      2268         96          0          0          0        616   printfa.o
        40          8          0          0          0         84   scanf_char.o
       878         12          0          0          0        216   scanf_fp.o
         0          0          0          4          0          0   stdout.o
        28          0          0          0          0         76   strcmp.o
        18          0          0          0          0         68   strcpy.o
        14          0          0          0          0         68   strlen.o
        30          0          0          0          0         80   strncmp.o
        22          0          0          0          0         68   strrchr.o
       156         12          0          0          0        120   strtod.o
        12          0          0          0          0         68   tolower.o
        44          0          0          0          0         80   uidiv.o
        98          0          0          0          0         92   uldiv.o
        48          0          0          0          0         68   cdcmple.o
        48          0          0          0          0         68   cdrcmple.o
        56          0          0          0          0         88   d2f.o
       334          0          0          0          0        148   dadd.o
       222          0          0          0          0        100   ddiv.o
       186          0          0          0          0        176   depilogue.o
        62          0          0          0          0         80   dfixi.o
        48          0          0          0          0         68   dfixul.o
        34          0          0          0          0         76   dflti.o
        26          0          0          0          0         76   dfltui.o
        24          0          0          0          0         76   dfltul.o
       228          0          0          0          0         96   dmul.o
       110          0          0          0          0        168   fepilogue.o

    ----------------------------------------------------------------------
      6676        194         64         12          0       4224   Library Totals
         8          0          0          0          0          0   (incl. Padding)

    ----------------------------------------------------------------------

      Code (inc. data)   RO Data    RW Data    ZI Data      Debug   Library Name

        28          0          0          0          0         80   m_ws.l
      5214        194         64         12          0       2856   mc_w.l
      1426          0          0          0          0       1288   mf_w.l

    ----------------------------------------------------------------------
      6676        194         64         12          0       4224   Library Totals

    ----------------------------------------------------------------------

==============================================================================


      Code (inc. data)   RO Data    RW Data    ZI Data      Debug   

     38956       3272       1064        256      18248    1060772   Grand Totals
     38956       3272       1064        256      18248    1060772   ELF Image Totals
     38956       3272       1064        256          0          0   ROM Totals

==============================================================================

    Total RO  Size (Code + RO Data)                40020 (  39.08kB)
    Total RW  Size (RW Data + ZI Data)             18504 (  18.07kB)
    Total ROM Size (Code + RO Data + RW Data)      40276 (  39.33kB)

==============================================================================

